Component: ARM Compiler 5.05 (build 41) Tool: armlink [4d0eb9]

==============================================================================

Section Cross References

    startup_stm32f407xx.o(RESET) refers to startup_stm32f407xx.o(STACK) for __initial_sp
    startup_stm32f407xx.o(RESET) refers to startup_stm32f407xx.o(.text) for Reset_Handler
    startup_stm32f407xx.o(RESET) refers to stm32f4xx_it.o(i.NMI_Handler) for NMI_Handler
    startup_stm32f407xx.o(RESET) refers to stm32f4xx_it.o(i.HardFault_Handler) for HardFault_Handler
    startup_stm32f407xx.o(RESET) refers to stm32f4xx_it.o(i.MemManage_Handler) for MemManage_Handler
    startup_stm32f407xx.o(RESET) refers to stm32f4xx_it.o(i.BusFault_Handler) for BusFault_Handler
    startup_stm32f407xx.o(RESET) refers to stm32f4xx_it.o(i.UsageFault_Handler) for UsageFault_Handler
    startup_stm32f407xx.o(RESET) refers to port.o(.emb_text) for SVC_Handler
    startup_stm32f407xx.o(RESET) refers to stm32f4xx_it.o(i.DebugMon_Handler) for DebugMon_Handler
    startup_stm32f407xx.o(RESET) refers to stm32f4xx_it.o(i.SysTick_Handler) for SysTick_Handler
    startup_stm32f407xx.o(RESET) refers to stm32f4xx_it.o(i.DMA1_Stream1_IRQHandler) for DMA1_Stream1_IRQHandler
    startup_stm32f407xx.o(RESET) refers to stm32f4xx_it.o(i.DMA1_Stream3_IRQHandler) for DMA1_Stream3_IRQHandler
    startup_stm32f407xx.o(RESET) refers to stm32f4xx_it.o(i.ADC_IRQHandler) for ADC_IRQHandler
    startup_stm32f407xx.o(RESET) refers to stm32f4xx_it.o(i.TIM1_UP_TIM10_IRQHandler) for TIM1_UP_TIM10_IRQHandler
    startup_stm32f407xx.o(RESET) refers to stm32f4xx_it.o(i.TIM2_IRQHandler) for TIM2_IRQHandler
    startup_stm32f407xx.o(RESET) refers to stm32f4xx_it.o(i.TIM3_IRQHandler) for TIM3_IRQHandler
    startup_stm32f407xx.o(RESET) refers to stm32f4xx_it.o(i.I2C1_EV_IRQHandler) for I2C1_EV_IRQHandler
    startup_stm32f407xx.o(RESET) refers to stm32f4xx_it.o(i.I2C1_ER_IRQHandler) for I2C1_ER_IRQHandler
    startup_stm32f407xx.o(RESET) refers to stm32f4xx_it.o(i.USART2_IRQHandler) for USART2_IRQHandler
    startup_stm32f407xx.o(RESET) refers to stm32f4xx_it.o(i.USART3_IRQHandler) for USART3_IRQHandler
    startup_stm32f407xx.o(RESET) refers to stm32f4xx_it.o(i.TIM6_DAC_IRQHandler) for TIM6_DAC_IRQHandler
    startup_stm32f407xx.o(.text) refers to system_stm32f4xx_1.o(i.SystemInit) for SystemInit
    startup_stm32f407xx.o(.text) refers to entry.o(.ARM.Collect$$$$00000000) for __main
    event_groups.o(i.vEventGroupClearBitsCallback) refers to event_groups.o(i.xEventGroupClearBits) for xEventGroupClearBits
    event_groups.o(i.vEventGroupDelete) refers to tasks.o(i.vTaskSuspendAll) for vTaskSuspendAll
    event_groups.o(i.vEventGroupDelete) refers to tasks.o(i.xTaskRemoveFromUnorderedEventList) for xTaskRemoveFromUnorderedEventList
    event_groups.o(i.vEventGroupDelete) refers to heap_4.o(i.vPortFree) for vPortFree
    event_groups.o(i.vEventGroupDelete) refers to tasks.o(i.xTaskResumeAll) for xTaskResumeAll
    event_groups.o(i.vEventGroupSetBitsCallback) refers to event_groups.o(i.xEventGroupSetBits) for xEventGroupSetBits
    event_groups.o(i.xEventGroupClearBits) refers to port.o(i.vPortEnterCritical) for vPortEnterCritical
    event_groups.o(i.xEventGroupClearBits) refers to port.o(i.vPortExitCritical) for vPortExitCritical
    event_groups.o(i.xEventGroupCreate) refers to heap_4.o(i.pvPortMalloc) for pvPortMalloc
    event_groups.o(i.xEventGroupCreate) refers to list.o(i.vListInitialise) for vListInitialise
    event_groups.o(i.xEventGroupSetBits) refers to tasks.o(i.vTaskSuspendAll) for vTaskSuspendAll
    event_groups.o(i.xEventGroupSetBits) refers to tasks.o(i.xTaskRemoveFromUnorderedEventList) for xTaskRemoveFromUnorderedEventList
    event_groups.o(i.xEventGroupSetBits) refers to tasks.o(i.xTaskResumeAll) for xTaskResumeAll
    event_groups.o(i.xEventGroupSync) refers to tasks.o(i.xTaskGetSchedulerState) for xTaskGetSchedulerState
    event_groups.o(i.xEventGroupSync) refers to tasks.o(i.vTaskSuspendAll) for vTaskSuspendAll
    event_groups.o(i.xEventGroupSync) refers to event_groups.o(i.xEventGroupSetBits) for xEventGroupSetBits
    event_groups.o(i.xEventGroupSync) refers to tasks.o(i.vTaskPlaceOnUnorderedEventList) for vTaskPlaceOnUnorderedEventList
    event_groups.o(i.xEventGroupSync) refers to tasks.o(i.xTaskResumeAll) for xTaskResumeAll
    event_groups.o(i.xEventGroupSync) refers to tasks.o(i.uxTaskResetEventItemValue) for uxTaskResetEventItemValue
    event_groups.o(i.xEventGroupSync) refers to port.o(i.vPortEnterCritical) for vPortEnterCritical
    event_groups.o(i.xEventGroupSync) refers to port.o(i.vPortExitCritical) for vPortExitCritical
    event_groups.o(i.xEventGroupWaitBits) refers to tasks.o(i.xTaskGetSchedulerState) for xTaskGetSchedulerState
    event_groups.o(i.xEventGroupWaitBits) refers to tasks.o(i.vTaskSuspendAll) for vTaskSuspendAll
[...]
    I2C_Master_SB                            0x080037b3   Thumb Code   130  stm32f4xx_hal_i2c.o(i.I2C_Master_SB)
    i.I2C_SlaveReceive_BTF                   0x08003834   Section        0  stm32f4xx_hal_i2c.o(i.I2C_SlaveReceive_BTF)
    I2C_SlaveReceive_BTF                     0x08003835   Thumb Code    30  stm32f4xx_hal_i2c.o(i.I2C_SlaveReceive_BTF)
    i.I2C_SlaveReceive_RXNE                  0x08003852   Section        0  stm32f4xx_hal_i2c.o(i.I2C_SlaveReceive_RXNE)
    I2C_SlaveReceive_RXNE                    0x08003853   Thumb Code    72  stm32f4xx_hal_i2c.o(i.I2C_SlaveReceive_RXNE)
    i.I2C_SlaveTransmit_BTF                  0x0800389a   Section        0  stm32f4xx_hal_i2c.o(i.I2C_SlaveTransmit_BTF)
    I2C_SlaveTransmit_BTF                    0x0800389b   Thumb Code    28  stm32f4xx_hal_i2c.o(i.I2C_SlaveTransmit_BTF)
    i.I2C_SlaveTransmit_TXE                  0x080038b6   Section        0  stm32f4xx_hal_i2c.o(i.I2C_SlaveTransmit_TXE)
    I2C_SlaveTransmit_TXE                    0x080038b7   Thumb Code    70  stm32f4xx_hal_i2c.o(i.I2C_SlaveTransmit_TXE)
    i.I2C_Slave_ADDR                         0x080038fc   Section        0  stm32f4xx_hal_i2c.o(i.I2C_Slave_ADDR)
    I2C_Slave_ADDR                           0x080038fd   Thumb Code    54  stm32f4xx_hal_i2c.o(i.I2C_Slave_ADDR)
    i.I2C_Slave_AF                           0x08003934   Section        0  stm32f4xx_hal_i2c.o(i.I2C_Slave_AF)
    I2C_Slave_AF                             0x08003935   Thumb Code   158  stm32f4xx_hal_i2c.o(i.I2C_Slave_AF)
    i.I2C_Slave_STOPF                        0x080039d8   Section        0  stm32f4xx_hal_i2c.o(i.I2C_Slave_STOPF)
    I2C_Slave_STOPF                          0x080039d9   Thumb Code   268  stm32f4xx_hal_i2c.o(i.I2C_Slave_STOPF)
    i.MX_ADC1_Init                           0x08003ae8   Section        0  adc.o(i.MX_ADC1_Init)
    i.MX_ADC2_Init                           0x08003b64   Section        0  adc.o(i.MX_ADC2_Init)
    i.MX_DAC_Init                            0x08003be0   Section        0  dac.o(i.MX_DAC_Init)
    i.MX_DMA_Init                            0x08003c2c   Section        0  dma.o(i.MX_DMA_Init)
    i.MX_FREERTOS_Init                       0x08003c54   Section        0  freertos.o(i.MX_FREERTOS_Init)
    i.MX_GPIO_Init                           0x08003d00   Section        0  gpio.o(i.MX_GPIO_Init)
    i.MX_I2C1_Init                           0x08003f28   Section        0  i2c.o(i.MX_I2C1_Init)
    i.MX_NVIC_Init                           0x08003f78   Section        0  main.o(i.MX_NVIC_Init)
    MX_NVIC_Init                             0x08003f79   Thumb Code    68  main.o(i.MX_NVIC_Init)
    i.MX_TIM2_Init                           0x08003fbc   Section        0  tim.o(i.MX_TIM2_Init)
    i.MX_TIM3_Init                           0x0800402c   Section        0  tim.o(i.MX_TIM3_Init)
    i.MX_USART2_UART_Init                    0x080040a0   Section        0  usart.o(i.MX_USART2_UART_Init)
    i.MX_USART3_UART_Init                    0x080040ec   Section        0  usart.o(i.MX_USART3_UART_Init)
    i.MemManage_Handler                      0x08004138   Section        0  stm32f4xx_it.o(i.MemManage_Handler)
    i.NMI_Handler                            0x0800413c   Section        0  stm32f4xx_it.o(i.NMI_Handler)
    i.NVIC_GetPriorityGrouping               0x08004140   Section        0  stm32f4xx_hal_cortex.o(i.NVIC_GetPriorityGrouping)
    NVIC_GetPriorityGrouping                 0x08004141   Thumb Code    10  stm32f4xx_hal_cortex.o(i.NVIC_GetPriorityGrouping)
    i.NVIC_SetPriority                       0x08004150   Section        0  stm32f4xx_hal_cortex.o(i.NVIC_SetPriority)
    NVIC_SetPriority                         0x08004151   Thumb Code    32  stm32f4xx_hal_cortex.o(i.NVIC_SetPriority)
    i.ParseBypass                            0x08004178   Section        0  rs485.o(i.ParseBypass)
    i.ParseIncoming                          0x080041ae   Section        0  rs485.o(i.ParseIncoming)
    i.ParseMainMode                          0x0800420e   Section        0  rs485.o(i.ParseMainMode)
    i.ParseSettingMode                       0x08004260   Section        0  rs485.o(i.ParseSettingMode)
    i.RS485_Init                             0x08004264   Section        0  rs485.o(i.RS485_Init)
    i.RsTransmit                             0x08004284   Section        0  rs485.o(i.RsTransmit)
    i.SelectDaisyDirection                   0x080042ac   Section        0  servo.o(i.SelectDaisyDirection)
    i.SelectDirection                        0x080042d4   Section        0  rs485.o(i.SelectDirection)
    i.ServoTask                              0x080042fc   Section        0  freertos.o(i.ServoTask)
    i.StartDefaultTask                       0x0800430c   Section        0  freertos.o(i.StartDefaultTask)
    i.StartRS485Task                         0x08004370   Section        0  freertos.o(i.StartRS485Task)
    i.SysTick_Handler                        0x080043a0   Section        0  stm32f4xx_it.o(i.SysTick_Handler)
    i.SystemClock_Config                     0x080043a8   Section        0  main.o(i.SystemClock_Config)
    i.SystemInit                             0x08004488   Section        0  system_stm32f4xx_1.o(i.SystemInit)
    i.TIM1_UP_TIM10_IRQHandler               0x080044ec   Section        0  stm32f4xx_it.o(i.TIM1_UP_TIM10_IRQHandler)
    i.TIM2_IRQHandler                        0x080044fc   Section        0  stm32f4xx_it.o(i.TIM2_IRQHandler)
    i.TIM3_IRQHandler                        0x0800450c   Section        0  stm32f4xx_it.o(i.TIM3_IRQHandler)
    i.TIM6_DAC_IRQHandler                    0x0800451c   Section        0  stm32f4xx_it.o(i.TIM6_DAC_IRQHandler)
    i.TIM_Base_SetConfig                     0x0800452c   Section        0  stm32f4xx_hal_tim.o(i.TIM_Base_SetConfig)
    i.TIM_ETR_SetConfig                      0x08004610   Section        0  stm32f4xx_hal_tim.o(i.TIM_ETR_SetConfig)
    TIM_ETR_SetConfig                        0x08004611   Thumb Code    24  stm32f4xx_hal_tim.o(i.TIM_ETR_SetConfig)
    i.TIM_ITRx_SetConfig                     0x08004628   Section        0  stm32f4xx_hal_tim.o(i.TIM_ITRx_SetConfig)
    TIM_ITRx_SetConfig                       0x08004629   Thumb Code    20  stm32f4xx_hal_tim.o(i.TIM_ITRx_SetConfig)
    i.TIM_TI1_ConfigInputStage               0x0800463c   Section        0  stm32f4xx_hal_tim.o(i.TIM_TI1_ConfigInputStage)
    TIM_TI1_ConfigInputStage                 0x0800463d   Thumb Code    42  stm32f4xx_hal_tim.o(i.TIM_TI1_ConfigInputStage)
    i.TIM_TI2_ConfigInputStage               0x08004666   Section        0  stm32f4xx_hal_tim.o(i.TIM_TI2_ConfigInputStage)
    TIM_TI2_ConfigInputStage                 0x08004667   Thumb Code    44  stm32f4xx_hal_tim.o(i.TIM_TI2_ConfigInputStage)
    i.UART_DMAAbortOnError                   0x08004692   Section        0  stm32f4xx_hal_uart.o(i.UART_DMAAbortOnError)
    UART_DMAAbortOnError                     0x08004693   Thumb Code    20  stm32f4xx_hal_uart.o(i.UART_DMAAbortOnError)
    i.UART_DMAError                          0x080046a6   Section        0  stm32f4xx_hal_uart.o(i.UART_DMAError)
    UART_DMAError                            0x080046a7   Thumb Code    80  stm32f4xx_hal_uart.o(i.UART_DMAError)
    i.UART_DMAReceiveCplt                    0x080046f6   Section        0  stm32f4xx_hal_uart.o(i.UART_DMAReceiveCplt)
    UART_DMAReceiveCplt                      0x080046f7   Thumb Code    70  stm32f4xx_hal_uart.o(i.UART_DMAReceiveCplt)
    i.UART_DMARxAbortCallback                0x0800473c   Section        0  stm32f4xx_hal_uart.o(i.UART_DMARxAbortCallback)
    UART_DMARxAbortCallback                  0x0800473d   Thumb Code    52  stm32f4xx_hal_uart.o(i.UART_DMARxAbortCallback)
    i.UART_DMARxHalfCplt                     0x08004770   Section        0  stm32f4xx_hal_uart.o(i.UART_DMARxHalfCplt)
    UART_DMARxHalfCplt                       0x08004771   Thumb Code    14  stm32f4xx_hal_uart.o(i.UART_DMARxHalfCplt)
    i.UART_DMATransmitCplt                   0x0800477e   Section        0  stm32f4xx_hal_uart.o(i.UART_DMATransmitCplt)
    UART_DMATransmitCplt                     0x0800477f   Thumb Code    54  stm32f4xx_hal_uart.o(i.UART_DMATransmitCplt)
    i.UART_DMATxAbortCallback                0x080047b4   Section        0  stm32f4xx_hal_uart.o(i.UART_DMATxAbortCallback)
    UART_DMATxAbortCallback                  0x080047b5   Thumb Code    52  stm32f4xx_hal_uart.o(i.UART_DMATxAbortCallback)
    i.UART_DMATxHalfCplt                     0x080047e8   Section        0  stm32f4xx_hal_uart.o(i.UART_DMATxHalfCplt)
    UART_DMATxHalfCplt                       0x080047e9   Thumb Code    14  stm32f4xx_hal_uart.o(i.UART_DMATxHalfCplt)
    i.UART_EndRxTransfer                     0x080047f6   Section        0  stm32f4xx_hal_uart.o(i.UART_EndRxTransfer)
    UART_EndRxTransfer                       0x080047f7   Thumb Code    32  stm32f4xx_hal_uart.o(i.UART_EndRxTransfer)
    i.UART_EndTransmit_IT                    0x08004816   Section        0  stm32f4xx_hal_uart.o(i.UART_EndTransmit_IT)
    UART_EndTransmit_IT                      0x08004817   Thumb Code    32  stm32f4xx_hal_uart.o(i.UART_EndTransmit_IT)
    i.UART_EndTxTransfer                     0x08004836   Section        0  stm32f4xx_hal_uart.o(i.UART_EndTxTransfer)
    UART_EndTxTransfer                       0x08004837   Thumb Code    20  stm32f4xx_hal_uart.o(i.UART_EndTxTransfer)
    i.UART_Receive_IT                        0x0800484a   Section        0  stm32f4xx_hal_uart.o(i.UART_Receive_IT)
    UART_Receive_IT                          0x0800484b   Thumb Code   154  stm32f4xx_hal_uart.o(i.UART_Receive_IT)
    i.UART_SetConfig                         0x080048e4   Section        0  stm32f4xx_hal_uart.o(i.UART_SetConfig)
    UART_SetConfig                           0x080048e5   Thumb Code   864  stm32f4xx_hal_uart.o(i.UART_SetConfig)
    i.UART_Transmit_IT                       0x08004c4c   Section        0  stm32f4xx_hal_uart.o(i.UART_Transmit_IT)
    UART_Transmit_IT                         0x08004c4d   Thumb Code   104  stm32f4xx_hal_uart.o(i.UART_Transmit_IT)
    i.USART2_IRQHandler                      0x08004cb4   Section        0  stm32f4xx_it.o(i.USART2_IRQHandler)
    i.USART3_IRQHandler                      0x08004cc4   Section        0  stm32f4xx_it.o(i.USART3_IRQHandler)
    i.UsageFault_Handler                     0x08004cd8   Section        0  stm32f4xx_it.o(i.UsageFault_Handler)
    i._Error_Handler                         0x08004cdc   Section        0  main.o(i._Error_Handler)
    i.__scatterload_copy                     0x08004ce0   Section       14  handlers.o(i.__scatterload_copy)
    i.__scatterload_null                     0x08004cee   Section        2  handlers.o(i.__scatterload_null)
    i.__scatterload_zeroinit                 0x08004cf0   Section       14  handlers.o(i.__scatterload_zeroinit)
    i.constructControlMessage                0x08004cfe   Section        0  servo.o(i.constructControlMessage)
    i.main                                   0x0800500c   Section        0  main.o(i.main)
    i.makeFreeRtosPriority                   0x0800505c   Section        0  cmsis_os.o(i.makeFreeRtosPriority)
    makeFreeRtosPriority                     0x0800505d   Thumb Code    14  cmsis_os.o(i.makeFreeRtosPriority)
    i.osDelay                                0x0800506a   Section        0  cmsis_os.o(i.osDelay)
    i.osKernelStart                          0x08005082   Section        0  cmsis_os.o(i.osKernelStart)
    i.osSystickHandler                       0x0800508c   Section        0  cmsis_os.o(i.osSystickHandler)
    i.osThreadCreate                         0x0800509c   Section        0  cmsis_os.o(i.osThreadCreate)
    i.prvAddCurrentTaskToDelayedList         0x080050cc   Section        0  tasks.o(i.prvAddCurrentTaskToDelayedList)
    prvAddCurrentTaskToDelayedList           0x080050cd   Thumb Code   124  tasks.o(i.prvAddCurrentTaskToDelayedList)
    i.prvAddNewTaskToReadyList               0x08005164   Section        0  tasks.o(i.prvAddNewTaskToReadyList)
    prvAddNewTaskToReadyList                 0x08005165   Thumb Code   150  tasks.o(i.prvAddNewTaskToReadyList)
    i.prvCheckTasksWaitingTermination        0x08005218   Section        0  tasks.o(i.prvCheckTasksWaitingTermination)
    prvCheckTasksWaitingTermination          0x08005219   Thumb Code    86  tasks.o(i.prvCheckTasksWaitingTermination)
    i.prvCopyDataFromQueue                   0x0800527c   Section        0  queue.o(i.prvCopyDataFromQueue)
    prvCopyDataFromQueue                     0x0800527d   Thumb Code    42  queue.o(i.prvCopyDataFromQueue)
    i.prvCopyDataToQueue                     0x080052a6   Section        0  queue.o(i.prvCopyDataToQueue)
    prvCopyDataToQueue                       0x080052a7   Thumb Code   124  queue.o(i.prvCopyDataToQueue)
    i.prvDeleteTCB                           0x08005322   Section        0  tasks.o(i.prvDeleteTCB)
    prvDeleteTCB                             0x08005323   Thumb Code    18  tasks.o(i.prvDeleteTCB)
    i.prvHeapInit                            0x08005334   Section        0  heap_4.o(i.prvHeapInit)
    prvHeapInit                              0x08005335   Thumb Code    98  heap_4.o(i.prvHeapInit)
    i.prvIdleTask                            0x080053b0   Section        0  tasks.o(i.prvIdleTask)
    prvIdleTask                              0x080053b1   Thumb Code    32  tasks.o(i.prvIdleTask)
    i.prvInitialiseNewQueue                  0x080053d8   Section        0  queue.o(i.prvInitialiseNewQueue)
    prvInitialiseNewQueue                    0x080053d9   Thumb Code    38  queue.o(i.prvInitialiseNewQueue)
    i.prvInitialiseNewTask                   0x080053fe   Section        0  tasks.o(i.prvInitialiseNewTask)
    prvInitialiseNewTask                     0x080053ff   Thumb Code   170  tasks.o(i.prvInitialiseNewTask)
    i.prvInitialiseTaskLists                 0x080054a8   Section        0  tasks.o(i.prvInitialiseTaskLists)
    prvInitialiseTaskLists                   0x080054a9   Thumb Code    70  tasks.o(i.prvInitialiseTaskLists)
    i.prvInsertBlockIntoFreeList             0x08005510   Section        0  heap_4.o(i.prvInsertBlockIntoFreeList)
    prvInsertBlockIntoFreeList               0x08005511   Thumb Code    96  heap_4.o(i.prvInsertBlockIntoFreeList)
    i.prvIsQueueEmpty                        0x08005578   Section        0  queue.o(i.prvIsQueueEmpty)
    prvIsQueueEmpty                          0x08005579   Thumb Code    26  queue.o(i.prvIsQueueEmpty)
    i.prvIsQueueFull                         0x08005592   Section        0  queue.o(i.prvIsQueueFull)
    prvIsQueueFull                           0x08005593   Thumb Code    30  queue.o(i.prvIsQueueFull)
    i.prvResetNextTaskUnblockTime            0x080055b0   Section        0  tasks.o(i.prvResetNextTaskUnblockTime)
    prvResetNextTaskUnblockTime              0x080055b1   Thumb Code    42  tasks.o(i.prvResetNextTaskUnblockTime)
    i.prvTaskExitError                       0x080055e4   Section        0  port.o(i.prvTaskExitError)
    prvTaskExitError                         0x080055e5   Thumb Code    60  port.o(i.prvTaskExitError)
    i.prvUnlockQueue                         0x08005624   Section        0  queue.o(i.prvUnlockQueue)
    prvUnlockQueue                           0x08005625   Thumb Code   126  queue.o(i.prvUnlockQueue)
    i.pvPortMalloc                           0x080056a4   Section        0  heap_4.o(i.pvPortMalloc)
    i.pvTaskIncrementMutexHeldCount          0x080057e0   Section        0  tasks.o(i.pvTaskIncrementMutexHeldCount)
    i.pxPortInitialiseStack                  0x08005800   Section        0  port.o(i.pxPortInitialiseStack)
    i.sendMessage                            0x0800582c   Section        0  servo.o(i.sendMessage)
    i.servoInit                              0x080059dc   Section        0  servo.o(i.servoInit)
    i.servoPing                              0x08005ad0   Section        0  servo.o(i.servoPing)
    i.simpleDelay                            0x08005b5c   Section        0  servo.o(i.simpleDelay)
    i.startServoControl                      0x08005b68   Section        0  servo.o(i.startServoControl)
    i.update_crc                             0x08005c8c   Section        0  servo.o(i.update_crc)
    i.uxListRemove                           0x08005cd4   Section        0  list.o(i.uxListRemove)
    i.vListInitialise                        0x08005cfc   Section        0  list.o(i.vListInitialise)
    i.vListInitialiseItem                    0x08005d16   Section        0  list.o(i.vListInitialiseItem)
    i.vListInsert                            0x08005d1c   Section        0  list.o(i.vListInsert)
    i.vListInsertEnd                         0x08005d50   Section        0  list.o(i.vListInsertEnd)
    i.vPortEnterCritical                     0x08005d68   Section        0  port.o(i.vPortEnterCritical)
    i.vPortExitCritical                      0x08005dbc   Section        0  port.o(i.vPortExitCritical)
    i.vPortFree                              0x08005df8   Section        0  heap_4.o(i.vPortFree)
    i.vPortSetupTimerInterrupt               0x08005e8c   Section        0  port.o(i.vPortSetupTimerInterrupt)
    i.vPortValidateInterruptPriority         0x08005eac   Section        0  port.o(i.vPortValidateInterruptPriority)
    i.vTaskDelay                             0x08005f24   Section        0  tasks.o(i.vTaskDelay)
    i.vTaskMissedYield                       0x08005f80   Section        0  tasks.o(i.vTaskMissedYield)
    i.vTaskPlaceOnEventList                  0x08005f8c   Section        0  tasks.o(i.vTaskPlaceOnEventList)
    i.vTaskPriorityInherit                   0x08005fc4   Section        0  tasks.o(i.vTaskPriorityInherit)
    i.vTaskSetTimeOutState                   0x08006074   Section        0  tasks.o(i.vTaskSetTimeOutState)
    i.vTaskStartScheduler                    0x080060a4   Section        0  tasks.o(i.vTaskStartScheduler)
    i.vTaskSuspendAll                        0x0800612c   Section        0  tasks.o(i.vTaskSuspendAll)
    i.vTaskSwitchContext                     0x0800613c   Section        0  tasks.o(i.vTaskSwitchContext)
    i.xPortStartScheduler                    0x080061c8   Section        0  port.o(i.xPortStartScheduler)
    i.xPortSysTickHandler                    0x08006304   Section        0  port.o(i.xPortSysTickHandler)
    i.xQueueGenericCreate                    0x08006338   Section        0  queue.o(i.xQueueGenericCreate)
    i.xQueueGenericReceive                   0x08006390   Section        0  queue.o(i.xQueueGenericReceive)
    i.xQueueGenericReset                     0x08006554   Section        0  queue.o(i.xQueueGenericReset)
    i.xQueueGenericSend                      0x080065ec   Section        0  queue.o(i.xQueueGenericSend)
    i.xQueueGiveFromISR                      0x08006794   Section        0  queue.o(i.xQueueGiveFromISR)
    i.xTaskCheckForTimeOut                   0x08006874   Section        0  tasks.o(i.xTaskCheckForTimeOut)
    i.xTaskCreate                            0x08006900   Section        0  tasks.o(i.xTaskCreate)
    i.xTaskGetSchedulerState                 0x08006960   Section        0  tasks.o(i.xTaskGetSchedulerState)
    i.xTaskIncrementTick                     0x08006980   Section        0  tasks.o(i.xTaskIncrementTick)
    i.xTaskPriorityDisinherit                0x08006ac8   Section        0  tasks.o(i.xTaskPriorityDisinherit)
    i.xTaskRemoveFromEventList               0x08006b90   Section        0  tasks.o(i.xTaskRemoveFromEventList)
    i.xTaskResumeAll                         0x08006c28   Section        0  tasks.o(i.xTaskResumeAll)
    .constdata                               0x08006d2c   Section       60  freertos.o(.constdata)
    .constdata                               0x08006d68   Section      512  servo.o(.constdata)
    .constdata                               0x08006f68   Section       24  system_stm32f4xx_1.o(.constdata)
    .constdata                               0x08006f80   Section        8  stm32f4xx_hal_dma.o(.constdata)
    flagBitshiftOffset                       0x08006f80   Data           8  stm32f4xx_hal_dma.o(.constdata)
    .conststring                             0x08006f88   Section       36  freertos.o(.conststring)
    .data                                    0x20000000   Section       24  heap_4.o(.data)
    xStart                                   0x20000000   Data           8  heap_4.o(.data)
    pxEnd                                    0x20000008   Data           4  heap_4.o(.data)
    xFreeBytesRemaining                      0x2000000c   Data           4  heap_4.o(.data)
    xMinimumEverFreeBytesRemaining           0x20000010   Data           4  heap_4.o(.data)
    xBlockAllocatedBit                       0x20000014   Data           4  heap_4.o(.data)
    .data                                    0x20000018   Section       12  port.o(.data)
    uxCriticalNesting                        0x20000018   Data           4  port.o(.data)
    ucMaxSysCallPriority                     0x2000001c   Data           1  port.o(.data)
    ulMaxPRIGROUPValue                       0x20000020   Data           4  port.o(.data)
    .data                                    0x20000024   Section       60  tasks.o(.data)
    pxDelayedTaskList                        0x20000028   Data           4  tasks.o(.data)
    pxOverflowDelayedTaskList                0x2000002c   Data           4  tasks.o(.data)
    uxDeletedTasksWaitingCleanUp             0x20000030   Data           4  tasks.o(.data)
    uxCurrentNumberOfTasks                   0x20000034   Data           4  tasks.o(.data)
    xTickCount                               0x20000038   Data           4  tasks.o(.data)
    uxTopReadyPriority                       0x2000003c   Data           4  tasks.o(.data)
    xSchedulerRunning                        0x20000040   Data           4  tasks.o(.data)
    uxPendedTicks                            0x20000044   Data           4  tasks.o(.data)
    xYieldPending                            0x20000048   Data           4  tasks.o(.data)
    xNumOfOverflows                          0x2000004c   Data           4  tasks.o(.data)
    uxTaskNumber                             0x20000050   Data           4  tasks.o(.data)
    xNextTaskUnblockTime                     0x20000054   Data           4  tasks.o(.data)
    xIdleTaskHandle                          0x20000058   Data           4  tasks.o(.data)
    uxSchedulerSuspended                     0x2000005c   Data           4  tasks.o(.data)
    .data                                    0x20000060   Section        5  stm32f4xx_it.o(.data)
    xHigherPriorityTaskWoken                 0x20000060   Data           4  stm32f4xx_it.o(.data)
    byte_counter                             0x20000064   Data           1  stm32f4xx_it.o(.data)
    .data                                    0x20000068   Section       22  freertos.o(.data)
    cnt1                                     0x2000007c   Data           2  freertos.o(.data)
    .data                                    0x20000080   Section        4  system_stm32f4xx_1.o(.data)
    .data                                    0x20000084   Section        9  stm32f4xx_hal.o(.data)
    .bss                                     0x20000090   Section    15360  heap_4.o(.bss)
    ucHeap                                   0x20000090   Data       15360  heap_4.o(.bss)
    .bss                                     0x20003c90   Section      420  tasks.o(.bss)
    pxReadyTasksLists                        0x20003c90   Data         320  tasks.o(.bss)
    xDelayedTaskList1                        0x20003dd0   Data          20  tasks.o(.bss)
    xDelayedTaskList2                        0x20003de4   Data          20  tasks.o(.bss)
    xPendingReadyList                        0x20003df8   Data          20  tasks.o(.bss)
    xTasksWaitingTermination                 0x20003e0c   Data          20  tasks.o(.bss)
    xSuspendedTaskList                       0x20003e20   Data          20  tasks.o(.bss)
    .bss                                     0x20003e34   Section      320  usart.o(.bss)
    .bss                                     0x20003f74   Section       40  rs485.o(.bss)
    .bss                                     0x20003f9c   Section       20  dac.o(.bss)
    .bss                                     0x20003fb0   Section       84  i2c.o(.bss)
    .bss                                     0x20004004   Section      144  adc.o(.bss)
    .bss                                     0x20004094   Section       60  stm32f4xx_hal_timebase_tim.o(.bss)
    .bss                                     0x200040d0   Section      108  servo.o(.bss)
    .bss                                     0x2000413c   Section      120  tim.o(.bss)
    STACK                                    0x200041b8   Section     1024  startup_stm32f407xx.o(STACK)

    Global Symbols

    Symbol Name                              Value     Ov Type        Size  Object(Section)

    BuildAttributes$$THM_ISAv4$E$P$D$K$B$S$7EM$VFPi3$EXTD16$VFPS$VFMA$PE$A:L22UL41UL21$X:L11$S22US41US21$IEEE1$IW$USESV6$~STKCKD$USESV7$~SHL$OSPACE$EBA8$MICROLIB$REQ8$PRES8$EABIv2 0x00000000   Number         0  anon$$obj.o ABSOLUTE
    __ARM_use_no_argv                        0x00000000   Number         0  main.o ABSOLUTE
    __cpp_initialize__aeabi_                  - Undefined Weak Reference
    __cxa_finalize                            - Undefined Weak Reference
    __decompress                              - Undefined Weak Reference
    _clock_init                               - Undefined Weak Reference
    _microlib_exit                            - Undefined Weak Reference
    __Vectors_Size                           0x00000188   Number         0  startup_stm32f407xx.o ABSOLUTE
    __Vectors                                0x08000000   Data           4  startup_stm32f407xx.o(RESET)
    __Vectors_End                            0x08000188   Data           0  startup_stm32f407xx.o(RESET)
    __main                                   0x08000189   Thumb Code     0  entry.o(.ARM.Collect$$$$00000000)
    _main_stk                                0x08000189   Thumb Code     0  entry2.o(.ARM.Collect$$$$00000001)
    _main_scatterload                        0x0800018d   Thumb Code     0  entry5.o(.ARM.Collect$$$$00000004)
    __main_after_scatterload                 0x08000191   Thumb Code     0  entry5.o(.ARM.Collect$$$$00000004)
    _main_clock                              0x08000191   Thumb Code     0  entry7b.o(.ARM.Collect$$$$00000008)
    _main_cpp_init                           0x08000191   Thumb Code     0  entry8b.o(.ARM.Collect$$$$0000000A)
    _main_init                               0x08000191   Thumb Code     0  entry9a.o(.ARM.Collect$$$$0000000B)
    __rt_final_cpp                           0x08000199   Thumb Code     0  entry10a.o(.ARM.Collect$$$$0000000D)
    __rt_final_exit                          0x08000199   Thumb Code     0  entry11a.o(.ARM.Collect$$$$0000000F)
    SVC_Handler                              0x0800019d   Thumb Code    28  port.o(.emb_text)
    __asm___6_port_c_39a90d8d__prvStartFirstTask 0x080001bd   Thumb Code    28  port.o(.emb_text)
    __asm___6_port_c_39a90d8d__prvEnableVFP  0x080001dd   Thumb Code    16  port.o(.emb_text)
    PendSV_Handler                           0x080001f1   Thumb Code    92  port.o(.emb_text)
    vPortGetIPSR                             0x08000251   Thumb Code     6  port.o(.emb_text)
    Reset_Handler                            0x08000259   Thumb Code     8  startup_stm32f407xx.o(.text)
    CAN1_RX0_IRQHandler                      0x08000273   Thumb Code     0  startup_stm32f407xx.o(.text)
    CAN1_RX1_IRQHandler                      0x08000273   Thumb Code     0  startup_stm32f407xx.o(.text)
    CAN1_SCE_IRQHandler                      0x08000273   Thumb Code     0  startup_stm32f407xx.o(.text)
    CAN1_TX_IRQHandler                       0x08000273   Thumb Code     0  startup_stm32f407xx.o(.text)
    CAN2_RX0_IRQHandler                      0x08000273   Thumb Code     0  startup_stm32f407xx.o(.text)
    CAN2_RX1_IRQHandler                      0x08000273   Thumb Code     0  startup_stm32f407xx.o(.text)
    CAN2_SCE_IRQHandler                      0x08000273   Thumb Code     0  startup_stm32f407xx.o(.text)
    CAN2_TX_IRQHandler                       0x08000273   Thumb Code     0  startup_stm32f407xx.o(.text)
    DCMI_IRQHandler                          0x08000273   Thumb Code     0  startup_stm32f407xx.o(.text)
    DMA1_Stream0_IRQHandler                  0x08000273   Thumb Code     0  startup_stm32f407xx.o(.text)
    DMA1_Stream2_IRQHandler                  0x08000273   Thumb Code     0  startup_stm32f407xx.o(.text)
    DMA1_Stream4_IRQHandler                  0x08000273   Thumb Code     0  startup_stm32f407xx.o(.text)
    DMA1_Stream5_IRQHandler                  0x08000273   Thumb Code     0  startup_stm32f407xx.o(.text)
    DMA1_Stream6_IRQHandler                  0x08000273   Thumb Code     0  startup_stm32f407xx.o(.text)
    DMA1_Stream7_IRQHandler                  0x08000273   Thumb Code     0  startup_stm32f407xx.o(.text)
    DMA2_Stream0_IRQHandler                  0x08000273   Thumb Code     0  startup_stm32f407xx.o(.text)
    DMA2_Stream1_IRQHandler                  0x08000273   Thumb Code     0  startup_stm32f407xx.o(.text)
    DMA2_Stream2_IRQHandler                  0x08000273   Thumb Code     0  startup_stm32f407xx.o(.text)
    DMA2_Stream3_IRQHandler                  0x08000273   Thumb Code     0  startup_stm32f407xx.o(.text)
    DMA2_Stream4_IRQHandler                  0x08000273   Thumb Code     0  startup_stm32f407xx.o(.text)
    DMA2_Stream5_IRQHandler                  0x08000273   Thumb Code     0  startup_stm32f407xx.o(.text)
    DMA2_Stream6_IRQHandler                  0x08000273   Thumb Code     0  startup_stm32f407xx.o(.text)
    DMA2_Stream7_IRQHandler                  0x08000273   Thumb Code     0  startup_stm32f407xx.o(.text)
    ETH_IRQHandler                           0x08000273   Thumb Code     0  startup_stm32f407xx.o(.text)
    ETH_WKUP_IRQHandler                      0x08000273   Thumb Code     0  startup_stm32f407xx.o(.text)
    EXTI0_IRQHandler                         0x08000273   Thumb Code     0  startup_stm32f407xx.o(.text)
    EXTI15_10_IRQHandler                     0x08000273   Thumb Code     0  startup_stm32f407xx.o(.text)
    EXTI1_IRQHandler                         0x08000273   Thumb Code     0  startup_stm32f407xx.o(.text)
    EXTI2_IRQHandler                         0x08000273   Thumb Code     0  startup_stm32f407xx.o(.text)
    EXTI3_IRQHandler                         0x08000273   Thumb Code     0  startup_stm32f407xx.o(.text)
    EXTI4_IRQHandler                         0x08000273   Thumb Code     0  startup_stm32f407xx.o(.text)
    EXTI9_5_IRQHandler                       0x08000273   Thumb Code     0  startup_stm32f407xx.o(.text)
    FLASH_IRQHandler                         0x08000273   Thumb Code     0  startup_stm32f407xx.o(.text)
    FMC_IRQHandler                           0x08000273   Thumb Code     0  startup_stm32f407xx.o(.text)
    FPU_IRQHandler                           0x08000273   Thumb Code     0  startup_stm32f407xx.o(.text)
    HASH_RNG_IRQHandler                      0x08000273   Thumb Code     0  startup_stm32f407xx.o(.text)
    I2C2_ER_IRQHandler                       0x08000273   Thumb Code     0  startup_stm32f407xx.o(.text)
    I2C2_EV_IRQHandler                       0x08000273   Thumb Code     0  startup_stm32f407xx.o(.text)
    I2C3_ER_IRQHandler                       0x08000273   Thumb Code     0  startup_stm32f407xx.o(.text)
    I2C3_EV_IRQHandler                       0x08000273   Thumb Code     0  startup_stm32f407xx.o(.text)
    OTG_FS_IRQHandler                        0x08000273   Thumb Code     0  startup_stm32f407xx.o(.text)
    OTG_FS_WKUP_IRQHandler                   0x08000273   Thumb Code     0  startup_stm32f407xx.o(.text)
    OTG_HS_EP1_IN_IRQHandler                 0x08000273   Thumb Code     0  startup_stm32f407xx.o(.text)
    OTG_HS_EP1_OUT_IRQHandler                0x08000273   Thumb Code     0  startup_stm32f407xx.o(.text)
    OTG_HS_IRQHandler                        0x08000273   Thumb Code     0  startup_stm32f407xx.o(.text)
    OTG_HS_WKUP_IRQHandler                   0x08000273   Thumb Code     0  startup_stm32f407xx.o(.text)
    PVD_IRQHandler                           0x08000273   Thumb Code     0  startup_stm32f407xx.o(.text)
    RCC_IRQHandler                           0x08000273   Thumb Code     0  startup_stm32f407xx.o(.text)
    RTC_Alarm_IRQHandler                     0x08000273   Thumb Code     0  startup_stm32f407xx.o(.text)
    RTC_WKUP_IRQHandler                      0x08000273   Thumb Code     0  startup_stm32f407xx.o(.text)
    SDIO_IRQHandler                          0x08000273   Thumb Code     0  startup_stm32f407xx.o(.text)
    SPI1_IRQHandler                          0x08000273   Thumb Code     0  startup_stm32f407xx.o(.text)
    SPI2_IRQHandler                          0x08000273   Thumb Code     0  startup_stm32f407xx.o(.text)
    SPI3_IRQHandler                          0x08000273   Thumb Code     0  startup_stm32f407xx.o(.text)
    TAMP_STAMP_IRQHandler                    0x08000273   Thumb Code     0  startup_stm32f407xx.o(.text)
    TIM1_BRK_TIM9_IRQHandler                 0x08000273   Thumb Code     0  startup_stm32f407xx.o(.text)
    TIM1_CC_IRQHandler                       0x08000273   Thumb Code     0  startup_stm32f407xx.o(.text)
    TIM1_TRG_COM_TIM11_IRQHandler            0x08000273   Thumb Code     0  startup_stm32f407xx.o(.text)
    TIM4_IRQHandler                          0x08000273   Thumb Code     0  startup_stm32f407xx.o(.text)
    TIM5_IRQHandler                          0x08000273   Thumb Code     0  startup_stm32f407xx.o(.text)
    TIM7_IRQHandler                          0x08000273   Thumb Code     0  startup_stm32f407xx.o(.text)
    TIM8_BRK_TIM12_IRQHandler                0x08000273   Thumb Code     0  startup_stm32f407xx.o(.text)
    TIM8_CC_IRQHandler                       0x08000273   Thumb Code     0  startup_stm32f407xx.o(.text)
    TIM8_TRG_COM_TIM14_IRQHandler            0x08000273   Thumb Code     0  startup_stm32f407xx.o(.text)
    TIM8_UP_TIM13_IRQHandler                 0x08000273   Thumb Code     0  startup_stm32f407xx.o(.text)
    UART4_IRQHandler                         0x08000273   Thumb Code     0  startup_stm32f407xx.o(.text)
    UART5_IRQHandler                         0x08000273   Thumb Code     0  startup_stm32f407xx.o(.text)
    USART1_IRQHandler                        0x08000273   Thumb Code     0  startup_stm32f407xx.o(.text)
    USART6_IRQHandler                        0x08000273   Thumb Code     0  startup_stm32f407xx.o(.text)
    WWDG_IRQHandler                          0x08000273   Thumb Code     0  startup_stm32f407xx.o(.text)
    __aeabi_uldivmod                         0x0800027d   Thumb Code    98  uldiv.o(.text)
    __aeabi_memcpy                           0x080002df   Thumb Code    36  memcpya.o(.text)
    __aeabi_memcpy4                          0x080002df   Thumb Code     0  memcpya.o(.text)
    __aeabi_memcpy8                          0x080002df   Thumb Code     0  memcpya.o(.text)
    __aeabi_memset                           0x08000303   Thumb Code    14  memseta.o(.text)
    __aeabi_memset4                          0x08000303   Thumb Code     0  memseta.o(.text)
    __aeabi_memset8                          0x08000303   Thumb Code     0  memseta.o(.text)
    __aeabi_memclr                           0x08000311   Thumb Code     4  memseta.o(.text)
    __aeabi_memclr4                          0x08000311   Thumb Code     0  memseta.o(.text)
    __aeabi_memclr8                          0x08000311   Thumb Code     0  memseta.o(.text)
    _memset$wrapper                          0x08000315   Thumb Code    18  memseta.o(.text)
    __aeabi_llsl                             0x08000327   Thumb Code    30  llshl.o(.text)
    _ll_shift_l                              0x08000327   Thumb Code     0  llshl.o(.text)
    __aeabi_llsr                             0x08000345   Thumb Code    32  llushr.o(.text)
    _ll_ushift_r                             0x08000345   Thumb Code     0  llushr.o(.text)
    __scatterload                            0x08000365   Thumb Code    28  init.o(.text)
    __scatterload_rt2                        0x08000365   Thumb Code     0  init.o(.text)
    ADC_IRQHandler                           0x08000389   Thumb Code    16  stm32f4xx_it.o(i.ADC_IRQHandler)
    BusFault_Handler                         0x080004fd   Thumb Code     4  stm32f4xx_it.o(i.BusFault_Handler)
    CalculateCRC                             0x08000501   Thumb Code    62  rs485.o(i.CalculateCRC)
    CheckCRC                                 0x08000541   Thumb Code    34  rs485.o(i.CheckCRC)
    ConstractSendMessage                     0x08000569   Thumb Code    92  rs485.o(i.ConstractSendMessage)
    ConstructBypassMessage                   0x080005c5   Thumb Code    58  rs485.o(i.ConstructBypassMessage)
    ConstructMainModeMessage                 0x08000601   Thumb Code   290  rs485.o(i.ConstructMainModeMessage)
    ConstructSettingModeMessage              0x08000729   Thumb Code     2  rs485.o(i.ConstructSettingModeMessage)
    DMA1_Stream1_IRQHandler                  0x0800072d   Thumb Code    16  stm32f4xx_it.o(i.DMA1_Stream1_IRQHandler)
    DMA1_Stream3_IRQHandler                  0x08000745   Thumb Code    16  stm32f4xx_it.o(i.DMA1_Stream3_IRQHandler)
    DebugMon_Handler                         0x08000867   Thumb Code     2  stm32f4xx_it.o(i.DebugMon_Handler)
    HAL_ADCEx_InjectedConvCpltCallback       0x08000869   Thumb Code     2  stm32f4xx_hal_adc_ex.o(i.HAL_ADCEx_InjectedConvCpltCallback)
    HAL_ADC_ConfigChannel                    0x0800086d   Thumb Code   380  stm32f4xx_hal_adc.o(i.HAL_ADC_ConfigChannel)
    HAL_ADC_ConvCpltCallback                 0x080009f9   Thumb Code     2  stm32f4xx_hal_adc.o(i.HAL_ADC_ConvCpltCallback)
    HAL_ADC_ErrorCallback                    0x080009fb   Thumb Code     2  stm32f4xx_hal_adc.o(i.HAL_ADC_ErrorCallback)
    HAL_ADC_IRQHandler                       0x080009fd   Thumb Code   372  stm32f4xx_hal_adc.o(i.HAL_ADC_IRQHandler)
    HAL_ADC_Init                             0x08000b71   Thumb Code   100  stm32f4xx_hal_adc.o(i.HAL_ADC_Init)
    HAL_ADC_LevelOutOfWindowCallback         0x08000bd9   Thumb Code     2  stm32f4xx_hal_adc.o(i.HAL_ADC_LevelOutOfWindowCallback)
    HAL_ADC_MspInit                          0x08000bdd   Thumb Code   132  adc.o(i.HAL_ADC_MspInit)
    HAL_DACEx_DMAUnderrunCallbackCh2         0x08000c71   Thumb Code     2  stm32f4xx_hal_dac_ex.o(i.HAL_DACEx_DMAUnderrunCallbackCh2)
    HAL_DAC_ConfigChannel                    0x08000c73   Thumb Code    90  stm32f4xx_hal_dac.o(i.HAL_DAC_ConfigChannel)
    HAL_DAC_DMAUnderrunCallbackCh1           0x08000ccd   Thumb Code     2  stm32f4xx_hal_dac.o(i.HAL_DAC_DMAUnderrunCallbackCh1)
    HAL_DAC_IRQHandler                       0x08000ccf   Thumb Code   110  stm32f4xx_hal_dac.o(i.HAL_DAC_IRQHandler)
    HAL_DAC_Init                             0x08000d3d   Thumb Code    40  stm32f4xx_hal_dac.o(i.HAL_DAC_Init)
    HAL_DAC_MspInit                          0x08000d65   Thumb Code    86  dac.o(i.HAL_DAC_MspInit)
    HAL_DMA_Abort_IT                         0x08000dc9   Thumb Code    40  stm32f4xx_hal_dma.o(i.HAL_DMA_Abort_IT)
    HAL_DMA_IRQHandler                       0x08000df1   Thumb Code   570  stm32f4xx_hal_dma.o(i.HAL_DMA_IRQHandler)
    HAL_DMA_Init                             0x08001031   Thumb Code   232  stm32f4xx_hal_dma.o(i.HAL_DMA_Init)
    HAL_DMA_Start_IT                         0x0800111d   Thumb Code   158  stm32f4xx_hal_dma.o(i.HAL_DMA_Start_IT)
    HAL_GPIO_Init                            0x080011bd   Thumb Code   466  stm32f4xx_hal_gpio.o(i.HAL_GPIO_Init)
    HAL_GPIO_TogglePin                       0x080013bd   Thumb Code     8  stm32f4xx_hal_gpio.o(i.HAL_GPIO_TogglePin)
    HAL_GPIO_WritePin                        0x080013c5   Thumb Code    12  stm32f4xx_hal_gpio.o(i.HAL_GPIO_WritePin)
    HAL_GetTick                              0x080013d1   Thumb Code     6  stm32f4xx_hal.o(i.HAL_GetTick)
    HAL_I2C_AbortCpltCallback                0x080013dd   Thumb Code     2  stm32f4xx_hal_i2c.o(i.HAL_I2C_AbortCpltCallback)
    HAL_I2C_AddrCallback                     0x080013df   Thumb Code     2  stm32f4xx_hal_i2c.o(i.HAL_I2C_AddrCallback)
    HAL_I2C_ER_IRQHandler                    0x080013e1   Thumb Code   224  stm32f4xx_hal_i2c.o(i.HAL_I2C_ER_IRQHandler)
    HAL_I2C_EV_IRQHandler                    0x080014c5   Thumb Code   368  stm32f4xx_hal_i2c.o(i.HAL_I2C_EV_IRQHandler)
    HAL_I2C_ErrorCallback                    0x0800163d   Thumb Code     2  stm32f4xx_hal_i2c.o(i.HAL_I2C_ErrorCallback)
    HAL_I2C_Init                             0x08001641   Thumb Code   286  stm32f4xx_hal_i2c.o(i.HAL_I2C_Init)
    HAL_I2C_ListenCpltCallback               0x08001769   Thumb Code     2  stm32f4xx_hal_i2c.o(i.HAL_I2C_ListenCpltCallback)
    HAL_I2C_MasterRxCpltCallback             0x0800176b   Thumb Code     2  stm32f4xx_hal_i2c.o(i.HAL_I2C_MasterRxCpltCallback)
    HAL_I2C_MasterTxCpltCallback             0x0800176d   Thumb Code     2  stm32f4xx_hal_i2c.o(i.HAL_I2C_MasterTxCpltCallback)
    HAL_I2C_MemRxCpltCallback                0x0800176f   Thumb Code     2  stm32f4xx_hal_i2c.o(i.HAL_I2C_MemRxCpltCallback)
    HAL_I2C_MemTxCpltCallback                0x08001771   Thumb Code     2  stm32f4xx_hal_i2c.o(i.HAL_I2C_MemTxCpltCallback)
    HAL_I2C_MspInit                          0x08001775   Thumb Code    94  i2c.o(i.HAL_I2C_MspInit)
    HAL_I2C_SlaveRxCpltCallback              0x080017e1   Thumb Code     2  stm32f4xx_hal_i2c.o(i.HAL_I2C_SlaveRxCpltCallback)
    HAL_I2C_SlaveTxCpltCallback              0x080017e3   Thumb Code     2  stm32f4xx_hal_i2c.o(i.HAL_I2C_SlaveTxCpltCallback)
    HAL_IncTick                              0x080017e5   Thumb Code    16  stm32f4xx_hal.o(i.HAL_IncTick)
    HAL_Init                                 0x080017fd   Thumb Code    54  stm32f4xx_hal.o(i.HAL_Init)
    HAL_InitTick                             0x08001839   Thumb Code   122  stm32f4xx_hal_timebase_tim.o(i.HAL_InitTick)
    HAL_MspInit                              0x080018c5   Thumb Code    86  stm32f4xx_hal_msp.o(i.HAL_MspInit)
    HAL_NVIC_EnableIRQ                       0x0800191b   Thumb Code    26  stm32f4xx_hal_cortex.o(i.HAL_NVIC_EnableIRQ)
    HAL_NVIC_SetPriority                     0x08001935   Thumb Code   124  stm32f4xx_hal_cortex.o(i.HAL_NVIC_SetPriority)
    HAL_NVIC_SetPriorityGrouping             0x080019b1   Thumb Code    32  stm32f4xx_hal_cortex.o(i.HAL_NVIC_SetPriorityGrouping)
    HAL_RCC_ClockConfig                      0x080019d9   Thumb Code   366  stm32f4xx_hal_rcc.o(i.HAL_RCC_ClockConfig)
    HAL_RCC_GetClockConfig                   0x08001b59   Thumb Code    58  stm32f4xx_hal_rcc.o(i.HAL_RCC_GetClockConfig)
    HAL_RCC_GetHCLKFreq                      0x08001b9d   Thumb Code     6  stm32f4xx_hal_rcc.o(i.HAL_RCC_GetHCLKFreq)
    HAL_RCC_GetPCLK1Freq                     0x08001ba9   Thumb Code    22  stm32f4xx_hal_rcc.o(i.HAL_RCC_GetPCLK1Freq)
    HAL_RCC_GetPCLK2Freq                     0x08001bc9   Thumb Code    22  stm32f4xx_hal_rcc.o(i.HAL_RCC_GetPCLK2Freq)
    HAL_RCC_GetSysClockFreq                  0x08001be9   Thumb Code   162  stm32f4xx_hal_rcc.o(i.HAL_RCC_GetSysClockFreq)
    HAL_RCC_OscConfig                        0x08001c99   Thumb Code  1086  stm32f4xx_hal_rcc.o(i.HAL_RCC_OscConfig)
    HAL_SYSTICK_CLKSourceConfig              0x080020e1   Thumb Code    40  stm32f4xx_hal_cortex.o(i.HAL_SYSTICK_CLKSourceConfig)
    HAL_SYSTICK_Config                       0x08002109   Thumb Code    52  stm32f4xx_hal_cortex.o(i.HAL_SYSTICK_Config)
    HAL_TIMEx_BreakCallback                  0x0800213d   Thumb Code     2  stm32f4xx_hal_tim_ex.o(i.HAL_TIMEx_BreakCallback)
    HAL_TIMEx_CommutationCallback            0x0800213f   Thumb Code     2  stm32f4xx_hal_tim_ex.o(i.HAL_TIMEx_CommutationCallback)
    HAL_TIMEx_MasterConfigSynchronization    0x08002141   Thumb Code    98  stm32f4xx_hal_tim_ex.o(i.HAL_TIMEx_MasterConfigSynchronization)
    HAL_TIM_Base_Init                        0x080021a3   Thumb Code    52  stm32f4xx_hal_tim.o(i.HAL_TIM_Base_Init)
    HAL_TIM_Base_MspInit                     0x080021d9   Thumb Code   120  tim.o(i.HAL_TIM_Base_MspInit)
    HAL_TIM_Base_Start_IT                    0x08002259   Thumb Code    30  stm32f4xx_hal_tim.o(i.HAL_TIM_Base_Start_IT)
    HAL_TIM_Base_Stop                        0x08002277   Thumb Code    56  stm32f4xx_hal_tim.o(i.HAL_TIM_Base_Stop)
    HAL_TIM_Base_Stop_IT                     0x080022af   Thumb Code    56  stm32f4xx_hal_tim.o(i.HAL_TIM_Base_Stop_IT)
    HAL_TIM_ConfigClockSource                0x080022e7   Thumb Code   306  stm32f4xx_hal_tim.o(i.HAL_TIM_ConfigClockSource)
    HAL_TIM_IC_CaptureCallback               0x08002419   Thumb Code     2  stm32f4xx_hal_tim.o(i.HAL_TIM_IC_CaptureCallback)
    HAL_TIM_IRQHandler                       0x0800241b   Thumb Code   406  stm32f4xx_hal_tim.o(i.HAL_TIM_IRQHandler)
    HAL_TIM_OC_DelayElapsedCallback          0x080025b1   Thumb Code     2  stm32f4xx_hal_tim.o(i.HAL_TIM_OC_DelayElapsedCallback)
    HAL_TIM_PWM_PulseFinishedCallback        0x080025b3   Thumb Code     2  stm32f4xx_hal_tim.o(i.HAL_TIM_PWM_PulseFinishedCallback)
    HAL_TIM_PeriodElapsedCallback            0x080025b5   Thumb Code    94  main.o(i.HAL_TIM_PeriodElapsedCallback)
    HAL_TIM_TriggerCallback                  0x08002635   Thumb Code     2  stm32f4xx_hal_tim.o(i.HAL_TIM_TriggerCallback)
    HAL_UART_AbortCpltCallback               0x08002637   Thumb Code     2  stm32f4xx_hal_uart.o(i.HAL_UART_AbortCpltCallback)
    HAL_UART_Abort_IT                        0x08002639   Thumb Code   208  stm32f4xx_hal_uart.o(i.HAL_UART_Abort_IT)
    HAL_UART_ErrorCallback                   0x08002711   Thumb Code     2  stm32f4xx_hal_uart.o(i.HAL_UART_ErrorCallback)
    HAL_UART_IRQHandler                      0x08002715   Thumb Code   326  stm32f4xx_hal_uart.o(i.HAL_UART_IRQHandler)
    HAL_UART_Init                            0x08002861   Thumb Code   114  stm32f4xx_hal_uart.o(i.HAL_UART_Init)
    HAL_UART_MspInit                         0x080028d5   Thumb Code   322  usart.o(i.HAL_UART_MspInit)
    HAL_UART_Receive_DMA                     0x08002a49   Thumb Code   182  stm32f4xx_hal_uart.o(i.HAL_UART_Receive_DMA)
    HAL_UART_Receive_IT                      0x08002b0d   Thumb Code   100  stm32f4xx_hal_uart.o(i.HAL_UART_Receive_IT)
    HAL_UART_RxCallback                      0x08002b71   Thumb Code   166  stm32f4xx_it.o(i.HAL_UART_RxCallback)
    HAL_UART_RxCpltCallback                  0x08002c21   Thumb Code   182  stm32f4xx_it.o(i.HAL_UART_RxCpltCallback)
    HAL_UART_RxHalfCpltCallback              0x08002cf9   Thumb Code     2  stm32f4xx_hal_uart.o(i.HAL_UART_RxHalfCpltCallback)
    HAL_UART_Transmit_DMA                    0x08002cfd   Thumb Code   142  stm32f4xx_hal_uart.o(i.HAL_UART_Transmit_DMA)
    HAL_UART_Transmit_IT                     0x08002d99   Thumb Code    88  stm32f4xx_hal_uart.o(i.HAL_UART_Transmit_IT)
    HAL_UART_TxCpltCallback                  0x08002df1   Thumb Code   468  stm32f4xx_it.o(i.HAL_UART_TxCpltCallback)
    HAL_UART_TxHalfCpltCallback              0x08002fdd   Thumb Code     2  stm32f4xx_hal_uart.o(i.HAL_UART_TxHalfCpltCallback)
    HardFault_Handler                        0x08002fdf   Thumb Code     4  stm32f4xx_it.o(i.HardFault_Handler)
    I2C1_ER_IRQHandler                       0x08002fe5   Thumb Code    10  stm32f4xx_it.o(i.I2C1_ER_IRQHandler)
    I2C1_EV_IRQHandler                       0x08002ff5   Thumb Code    10  stm32f4xx_it.o(i.I2C1_EV_IRQHandler)
    MX_ADC1_Init                             0x08003ae9   Thumb Code    94  adc.o(i.MX_ADC1_Init)
    MX_ADC2_Init                             0x08003b65   Thumb Code    94  adc.o(i.MX_ADC2_Init)
    MX_DAC_Init                              0x08003be1   Thumb Code    52  dac.o(i.MX_DAC_Init)
    MX_DMA_Init                              0x08003c2d   Thumb Code    36  dma.o(i.MX_DMA_Init)
    MX_FREERTOS_Init                         0x08003c55   Thumb Code   146  freertos.o(i.MX_FREERTOS_Init)
    MX_GPIO_Init                             0x08003d01   Thumb Code   528  gpio.o(i.MX_GPIO_Init)
    MX_I2C1_Init                             0x08003f29   Thumb Code    52  i2c.o(i.MX_I2C1_Init)
    MX_TIM2_Init                             0x08003fbd   Thumb Code    92  tim.o(i.MX_TIM2_Init)
    MX_TIM3_Init                             0x0800402d   Thumb Code    90  tim.o(i.MX_TIM3_Init)
    MX_USART2_UART_Init                      0x080040a1   Thumb Code    48  usart.o(i.MX_USART2_UART_Init)
    MX_USART3_UART_Init                      0x080040ed   Thumb Code    50  usart.o(i.MX_USART3_UART_Init)
    MemManage_Handler                        0x08004139   Thumb Code     4  stm32f4xx_it.o(i.MemManage_Handler)
    NMI_Handler                              0x0800413d   Thumb Code     2  stm32f4xx_it.o(i.NMI_Handler)
    ParseBypass                              0x08004179   Thumb Code    54  rs485.o(i.ParseBypass)
    ParseIncoming                            0x080041af   Thumb Code    96  rs485.o(i.ParseIncoming)
    ParseMainMode                            0x0800420f   Thumb Code    82  rs485.o(i.ParseMainMode)
    ParseSettingMode                         0x08004261   Thumb Code     2  rs485.o(i.ParseSettingMode)
    RS485_Init                               0x08004265   Thumb Code    26  rs485.o(i.RS485_Init)
    RsTransmit                               0x08004285   Thumb Code    34  rs485.o(i.RsTransmit)
    SelectDaisyDirection                     0x080042ad   Thumb Code    34  servo.o(i.SelectDaisyDirection)
    SelectDirection                          0x080042d5   Thumb Code    34  rs485.o(i.SelectDirection)
    ServoTask                                0x080042fd   Thumb Code    14  freertos.o(i.ServoTask)
    StartDefaultTask                         0x0800430d   Thumb Code    84  freertos.o(i.StartDefaultTask)
    StartRS485Task                           0x08004371   Thumb Code    34  freertos.o(i.StartRS485Task)
    SysTick_Handler                          0x080043a1   Thumb Code     8  stm32f4xx_it.o(i.SysTick_Handler)
    SystemClock_Config                       0x080043a9   Thumb Code   200  main.o(i.SystemClock_Config)
    SystemInit                               0x08004489   Thumb Code    82  system_stm32f4xx_1.o(i.SystemInit)
    TIM1_UP_TIM10_IRQHandler                 0x080044ed   Thumb Code    10  stm32f4xx_it.o(i.TIM1_UP_TIM10_IRQHandler)
    TIM2_IRQHandler                          0x080044fd   Thumb Code    10  stm32f4xx_it.o(i.TIM2_IRQHandler)
    TIM3_IRQHandler                          0x0800450d   Thumb Code    10  stm32f4xx_it.o(i.TIM3_IRQHandler)
    TIM6_DAC_IRQHandler                      0x0800451d   Thumb Code    10  stm32f4xx_it.o(i.TIM6_DAC_IRQHandler)
    TIM_Base_SetConfig                       0x0800452d   Thumb Code   184  stm32f4xx_hal_tim.o(i.TIM_Base_SetConfig)
    USART2_IRQHandler                        0x08004cb5   Thumb Code    10  stm32f4xx_it.o(i.USART2_IRQHandler)
    USART3_IRQHandler                        0x08004cc5   Thumb Code    16  stm32f4xx_it.o(i.USART3_IRQHandler)
    UsageFault_Handler                       0x08004cd9   Thumb Code     4  stm32f4xx_it.o(i.UsageFault_Handler)
    _Error_Handler                           0x08004cdd   Thumb Code     4  main.o(i._Error_Handler)
    __scatterload_copy                       0x08004ce1   Thumb Code    14  handlers.o(i.__scatterload_copy)
    __scatterload_null                       0x08004cef   Thumb Code     2  handlers.o(i.__scatterload_null)
    __scatterload_zeroinit                   0x08004cf1   Thumb Code    14  handlers.o(i.__scatterload_zeroinit)
    constructControlMessage                  0x08004cff   Thumb Code   780  servo.o(i.constructControlMessage)
    main                                     0x0800500d   Thumb Code    74  main.o(i.main)
    osDelay                                  0x0800506b   Thumb Code    24  cmsis_os.o(i.osDelay)
    osKernelStart                            0x08005083   Thumb Code    10  cmsis_os.o(i.osKernelStart)
    osSystickHandler                         0x0800508d   Thumb Code    16  cmsis_os.o(i.osSystickHandler)
    osThreadCreate                           0x0800509d   Thumb Code    48  cmsis_os.o(i.osThreadCreate)
    pvPortMalloc                             0x080056a5   Thumb Code   296  heap_4.o(i.pvPortMalloc)
    pvTaskIncrementMutexHeldCount            0x080057e1   Thumb Code    26  tasks.o(i.pvTaskIncrementMutexHeldCount)
    pxPortInitialiseStack                    0x08005801   Thumb Code    38  port.o(i.pxPortInitialiseStack)
    sendMessage                              0x0800582d   Thumb Code   420  servo.o(i.sendMessage)
    servoInit                                0x080059dd   Thumb Code   232  servo.o(i.servoInit)
    servoPing                                0x08005ad1   Thumb Code   136  servo.o(i.servoPing)
    simpleDelay                              0x08005b5d   Thumb Code    12  servo.o(i.simpleDelay)
    startServoControl                        0x08005b69   Thumb Code   288  servo.o(i.startServoControl)
    update_crc                               0x08005c8d   Thumb Code    68  servo.o(i.update_crc)
    uxListRemove                             0x08005cd5   Thumb Code    40  list.o(i.uxListRemove)
    vListInitialise                          0x08005cfd   Thumb Code    26  list.o(i.vListInitialise)
    vListInitialiseItem                      0x08005d17   Thumb Code     6  list.o(i.vListInitialiseItem)
    vListInsert                              0x08005d1d   Thumb Code    52  list.o(i.vListInsert)
    vListInsertEnd                           0x08005d51   Thumb Code    24  list.o(i.vListInsertEnd)
    vPortEnterCritical                       0x08005d69   Thumb Code    76  port.o(i.vPortEnterCritical)
    vPortExitCritical                        0x08005dbd   Thumb Code    56  port.o(i.vPortExitCritical)
    vPortFree                                0x08005df9   Thumb Code   140  heap_4.o(i.vPortFree)
    vPortSetupTimerInterrupt                 0x08005e8d   Thumb Code    26  port.o(i.vPortSetupTimerInterrupt)
    vPortValidateInterruptPriority           0x08005ead   Thumb Code   106  port.o(i.vPortValidateInterruptPriority)
    vTaskDelay                               0x08005f25   Thumb Code    82  tasks.o(i.vTaskDelay)
    vTaskMissedYield                         0x08005f81   Thumb Code     8  tasks.o(i.vTaskMissedYield)
    vTaskPlaceOnEventList                    0x08005f8d   Thumb Code    52  tasks.o(i.vTaskPlaceOnEventList)
    vTaskPriorityInherit                     0x08005fc5   Thumb Code   164  tasks.o(i.vTaskPriorityInherit)
    vTaskSetTimeOutState                     0x08006075   Thumb Code    38  tasks.o(i.vTaskSetTimeOutState)
    vTaskStartScheduler                      0x080060a5   Thumb Code   108  tasks.o(i.vTaskStartScheduler)
    vTaskSuspendAll                          0x0800612d   Thumb Code    12  tasks.o(i.vTaskSuspendAll)
    vTaskSwitchContext                       0x0800613d   Thumb Code   118  tasks.o(i.vTaskSwitchContext)
    xPortStartScheduler                      0x080061c9   Thumb Code   288  port.o(i.xPortStartScheduler)
    xPortSysTickHandler                      0x08006305   Thumb Code    46  port.o(i.xPortSysTickHandler)
    xQueueGenericCreate                      0x08006339   Thumb Code    88  queue.o(i.xQueueGenericCreate)
    xQueueGenericReceive                     0x08006391   Thumb Code   446  queue.o(i.xQueueGenericReceive)
    xQueueGenericReset                       0x08006555   Thumb Code   146  queue.o(i.xQueueGenericReset)
    xQueueGenericSend                        0x080065ed   Thumb Code   420  queue.o(i.xQueueGenericSend)
    xQueueGiveFromISR                        0x08006795   Thumb Code   224  queue.o(i.xQueueGiveFromISR)
    xTaskCheckForTimeOut                     0x08006875   Thumb Code   132  tasks.o(i.xTaskCheckForTimeOut)
    xTaskCreate                              0x08006901   Thumb Code    96  tasks.o(i.xTaskCreate)
    xTaskGetSchedulerState                   0x08006961   Thumb Code    24  tasks.o(i.xTaskGetSchedulerState)
    xTaskIncrementTick                       0x08006981   Thumb Code   282  tasks.o(i.xTaskIncrementTick)
    xTaskPriorityDisinherit                  0x08006ac9   Thumb Code   188  tasks.o(i.xTaskPriorityDisinherit)
    xTaskRemoveFromEventList                 0x08006b91   Thumb Code   128  tasks.o(i.xTaskRemoveFromEventList)
    xTaskResumeAll                           0x08006c29   Thumb Code   224  tasks.o(i.xTaskResumeAll)
    AHBPrescTable                            0x08006f68   Data          16  system_stm32f4xx_1.o(.constdata)
    APBPrescTable                            0x08006f78   Data           8  system_stm32f4xx_1.o(.constdata)
    Region$$Table$$Base                      0x08006fac   Number         0  anon$$obj.o(Region$$Table)
    Region$$Table$$Limit                     0x08006fcc   Number         0  anon$$obj.o(Region$$Table)
    pxCurrentTCB                             0x20000024   Data           4  tasks.o(.data)
    defaultTaskHandle                        0x20000068   Data           4  freertos.o(.data)
    rs485TaskHandle                          0x2000006c   Data           4  freertos.o(.data)
    servoTaskHandle                          0x20000070   Data           4  freertos.o(.data)
    xBinarySemaphore                         0x20000074   Data           4  freertos.o(.data)
    xBinarySemaphore_SC                      0x20000078   Data           4  freertos.o(.data)
    SystemCoreClock                          0x20000080   Data           4  system_stm32f4xx_1.o(.data)
    uwTick                                   0x20000084   Data           4  stm32f4xx_hal.o(.data)
    uwTickPrio                               0x20000088   Data           4  stm32f4xx_hal.o(.data)
    uwTickFreq                               0x2000008c   Data           1  stm32f4xx_hal.o(.data)
    huart2                                   0x20003e34   Data          64  usart.o(.bss)
    huart3                                   0x20003e74   Data          64  usart.o(.bss)
    hdma_usart3_rx                           0x20003eb4   Data          96  usart.o(.bss)
    hdma_usart3_tx                           0x20003f14   Data          96  usart.o(.bss)
    rs485                                    0x20003f74   Data          40  rs485.o(.bss)
    hdac                                     0x20003f9c   Data          20  dac.o(.bss)
    hi2c1                                    0x20003fb0   Data          84  i2c.o(.bss)
    hadc1                                    0x20004004   Data          72  adc.o(.bss)
    hadc2                                    0x2000404c   Data          72  adc.o(.bss)
    htim1                                    0x20004094   Data          60  stm32f4xx_hal_timebase_tim.o(.bss)
    scontrol                                 0x200040d0   Data         108  servo.o(.bss)
    htim2                                    0x2000413c   Data          60  tim.o(.bss)
    htim3                                    0x20004178   Data          60  tim.o(.bss)
    __initial_sp                             0x200045b8   Data           0  startup_stm32f407xx.o(STACK)



==============================================================================

Memory Map of the image

  Image Entry point : 0x08000189

  Load Region LR_IROM1 (Base: 0x08000000, Size: 0x0000705c, Max: 0x00100000, ABSOLUTE)

    Execution Region ER_IROM1 (Base: 0x08000000, Size: 0x00006fcc, Max: 0x00100000, ABSOLUTE)

    Base Addr    Size         Type   Attr      Idx    E Section Name        Object

    0x08000000   0x00000188   Data   RO            3    RESET               startup_stm32f407xx.o
    0x08000188   0x00000000   Code   RO         5506  * .ARM.Collect$$$$00000000  mc_w.l(entry.o)
    0x08000188   0x00000004   Code   RO         5517    .ARM.Collect$$$$00000001  mc_w.l(entry2.o)
    0x0800018c   0x00000004   Code   RO         5520    .ARM.Collect$$$$00000004  mc_w.l(entry5.o)
    0x08000190   0x00000000   Code   RO         5522    .ARM.Collect$$$$00000008  mc_w.l(entry7b.o)
    0x08000190   0x00000000   Code   RO         5524    .ARM.Collect$$$$0000000A  mc_w.l(entry8b.o)
    0x08000190   0x00000008   Code   RO         5525    .ARM.Collect$$$$0000000B  mc_w.l(entry9a.o)
    0x08000198   0x00000000   Code   RO         5527    .ARM.Collect$$$$0000000D  mc_w.l(entry10a.o)
    0x08000198   0x00000000   Code   RO         5529    .ARM.Collect$$$$0000000F  mc_w.l(entry11a.o)
    0x08000198   0x00000004   Code   RO         5518    .ARM.Collect$$$$00002712  mc_w.l(entry2.o)
    0x0800019c   0x000000ba   Code   RO          735    .emb_text           port.o
    0x08000256   0x00000002   PAD
    0x08000258   0x00000024   Code   RO            4    .text               startup_stm32f407xx.o
    0x0800027c   0x00000062   Code   RO         5509    .text               mc_w.l(uldiv.o)
    0x080002de   0x00000024   Code   RO         5511    .text               mc_w.l(memcpya.o)
    0x08000302   0x00000024   Code   RO         5513    .text               mc_w.l(memseta.o)
    0x08000326   0x0000001e   Code   RO         5531    .text               mc_w.l(llshl.o)
    0x08000344   0x00000020   Code   RO         5533    .text               mc_w.l(llushr.o)
    0x08000364   0x00000024   Code   RO         5535    .text               mc_w.l(init.o)
    0x08000388   0x00000018   Code   RO         1681    i.ADC_IRQHandler    stm32f4xx_it.o
    0x080003a0   0x0000015c   Code   RO         3852    i.ADC_Init          stm32f4xx_hal_adc.o
    0x080004fc   0x00000004   Code   RO         1682    i.BusFault_Handler  stm32f4xx_it.o
    0x08000500   0x0000003e   Code   RO         1450    i.CalculateCRC      rs485.o
    0x0800053e   0x00000002   PAD
    0x08000540   0x00000028   Code   RO         1451    i.CheckCRC          rs485.o
    0x08000568   0x0000005c   Code   RO         1452    i.ConstractSendMessage  rs485.o
    0x080005c4   0x0000003a   Code   RO         1453    i.ConstructBypassMessage  rs485.o
    0x080005fe   0x00000002   PAD
    0x08000600   0x00000128   Code   RO         1454    i.ConstructMainModeMessage  rs485.o
    0x08000728   0x00000002   Code   RO         1455    i.ConstructSettingModeMessage  rs485.o
    0x0800072a   0x00000002   PAD
    0x0800072c   0x00000018   Code   RO         1683    i.DMA1_Stream1_IRQHandler  stm32f4xx_it.o
    0x08000744   0x00000018   Code   RO         1684    i.DMA1_Stream3_IRQHandler  stm32f4xx_it.o
    0x0800075c   0x00000034   Code   RO         3630    i.DMA_CalcBaseAndBitshift  stm32f4xx_hal_dma.o
    0x08000790   0x000000aa   Code   RO         3631    i.DMA_CheckFifoParam  stm32f4xx_hal_dma.o
    0x0800083a   0x0000002c   Code   RO         3632    i.DMA_SetConfig     stm32f4xx_hal_dma.o
    0x08000866   0x00000002   Code   RO         1685    i.DebugMon_Handler  stm32f4xx_it.o
    0x08000868   0x00000002   Code   RO         2374    i.HAL_ADCEx_InjectedConvCpltCallback  stm32f4xx_hal_adc_ex.o
    0x0800086a   0x00000002   PAD
    0x0800086c   0x0000018c   Code   RO         3854    i.HAL_ADC_ConfigChannel  stm32f4xx_hal_adc.o
    0x080009f8   0x00000002   Code   RO         3855    i.HAL_ADC_ConvCpltCallback  stm32f4xx_hal_adc.o
    0x080009fa   0x00000002   Code   RO         3858    i.HAL_ADC_ErrorCallback  stm32f4xx_hal_adc.o
    0x080009fc   0x00000174   Code   RO         3862    i.HAL_ADC_IRQHandler  stm32f4xx_hal_adc.o
    0x08000b70   0x00000068   Code   RO         3863    i.HAL_ADC_Init      stm32f4xx_hal_adc.o
    0x08000bd8   0x00000002   Code   RO         3864    i.HAL_ADC_LevelOutOfWindowCallback  stm32f4xx_hal_adc.o
    0x08000bda   0x00000002   PAD
    0x08000bdc   0x00000094   Code   RO         1847    i.HAL_ADC_MspInit   adc.o
    0x08000c70   0x00000002   Code   RO         4458    i.HAL_DACEx_DMAUnderrunCallbackCh2  stm32f4xx_hal_dac_ex.o
    0x08000c72   0x0000005a   Code   RO         2649    i.HAL_DAC_ConfigChannel  stm32f4xx_hal_dac.o
    0x08000ccc   0x00000002   Code   RO         2652    i.HAL_DAC_DMAUnderrunCallbackCh1  stm32f4xx_hal_dac.o
    0x08000cce   0x0000006e   Code   RO         2658    i.HAL_DAC_IRQHandler  stm32f4xx_hal_dac.o
    0x08000d3c   0x00000028   Code   RO         2659    i.HAL_DAC_Init      stm32f4xx_hal_dac.o
    0x08000d64   0x00000064   Code   RO         1598    i.HAL_DAC_MspInit   dac.o
    0x08000dc8   0x00000028   Code   RO         3634    i.HAL_DMA_Abort_IT  stm32f4xx_hal_dma.o
    0x08000df0   0x00000240   Code   RO         3638    i.HAL_DMA_IRQHandler  stm32f4xx_hal_dma.o
    0x08001030   0x000000ec   Code   RO         3639    i.HAL_DMA_Init      stm32f4xx_hal_dma.o
    0x0800111c   0x0000009e   Code   RO         3643    i.HAL_DMA_Start_IT  stm32f4xx_hal_dma.o
    0x080011ba   0x00000002   PAD
    0x080011bc   0x00000200   Code   RO         3328    i.HAL_GPIO_Init     stm32f4xx_hal_gpio.o
    0x080013bc   0x00000008   Code   RO         3331    i.HAL_GPIO_TogglePin  stm32f4xx_hal_gpio.o
    0x080013c4   0x0000000c   Code   RO         3332    i.HAL_GPIO_WritePin  stm32f4xx_hal_gpio.o
    0x080013d0   0x0000000c   Code   RO         2488    i.HAL_GetTick       stm32f4xx_hal.o
    0x080013dc   0x00000002   Code   RO         2787    i.HAL_I2C_AbortCpltCallback  stm32f4xx_hal_i2c.o
    0x080013de   0x00000002   Code   RO         2788    i.HAL_I2C_AddrCallback  stm32f4xx_hal_i2c.o
    0x080013e0   0x000000e4   Code   RO         2791    i.HAL_I2C_ER_IRQHandler  stm32f4xx_hal_i2c.o
    0x080014c4   0x00000178   Code   RO         2792    i.HAL_I2C_EV_IRQHandler  stm32f4xx_hal_i2c.o
    0x0800163c   0x00000002   Code   RO         2794    i.HAL_I2C_ErrorCallback  stm32f4xx_hal_i2c.o
    0x0800163e   0x00000002   PAD
    0x08001640   0x00000128   Code   RO         2798    i.HAL_I2C_Init      stm32f4xx_hal_i2c.o
    0x08001768   0x00000002   Code   RO         2800    i.HAL_I2C_ListenCpltCallback  stm32f4xx_hal_i2c.o
    0x0800176a   0x00000002   Code   RO         2801    i.HAL_I2C_MasterRxCpltCallback  stm32f4xx_hal_i2c.o
    0x0800176c   0x00000002   Code   RO         2802    i.HAL_I2C_MasterTxCpltCallback  stm32f4xx_hal_i2c.o
    0x0800176e   0x00000002   Code   RO         2812    i.HAL_I2C_MemRxCpltCallback  stm32f4xx_hal_i2c.o
    0x08001770   0x00000002   Code   RO         2813    i.HAL_I2C_MemTxCpltCallback  stm32f4xx_hal_i2c.o
    0x08001772   0x00000002   PAD
    0x08001774   0x0000006c   Code   RO         1640    i.HAL_I2C_MspInit   i2c.o
    0x080017e0   0x00000002   Code   RO         2822    i.HAL_I2C_SlaveRxCpltCallback  stm32f4xx_hal_i2c.o
    0x080017e2   0x00000002   Code   RO         2823    i.HAL_I2C_SlaveTxCpltCallback  stm32f4xx_hal_i2c.o
    0x080017e4   0x00000018   Code   RO         2492    i.HAL_IncTick       stm32f4xx_hal.o
    0x080017fc   0x0000003c   Code   RO         2493    i.HAL_Init          stm32f4xx_hal.o
    0x08001838   0x0000008c   Code   RO         1918    i.HAL_InitTick      stm32f4xx_hal_timebase_tim.o
    0x080018c4   0x00000056   Code   RO         1573    i.HAL_MspInit       stm32f4xx_hal_msp.o
    0x0800191a   0x0000001a   Code   RO         4144    i.HAL_NVIC_EnableIRQ  stm32f4xx_hal_cortex.o
    0x08001934   0x0000007c   Code   RO         4150    i.HAL_NVIC_SetPriority  stm32f4xx_hal_cortex.o
    0x080019b0   0x00000028   Code   RO         4151    i.HAL_NVIC_SetPriorityGrouping  stm32f4xx_hal_cortex.o
    0x080019d8   0x00000180   Code   RO         4038    i.HAL_RCC_ClockConfig  stm32f4xx_hal_rcc.o
    0x08001b58   0x00000044   Code   RO         4042    i.HAL_RCC_GetClockConfig  stm32f4xx_hal_rcc.o
    0x08001b9c   0x0000000c   Code   RO         4043    i.HAL_RCC_GetHCLKFreq  stm32f4xx_hal_rcc.o
    0x08001ba8   0x00000020   Code   RO         4045    i.HAL_RCC_GetPCLK1Freq  stm32f4xx_hal_rcc.o
    0x08001bc8   0x00000020   Code   RO         4046    i.HAL_RCC_GetPCLK2Freq  stm32f4xx_hal_rcc.o
    0x08001be8   0x000000b0   Code   RO         4047    i.HAL_RCC_GetSysClockFreq  stm32f4xx_hal_rcc.o
    0x08001c98   0x00000448   Code   RO         4050    i.HAL_RCC_OscConfig  stm32f4xx_hal_rcc.o
    0x080020e0   0x00000028   Code   RO         4153    i.HAL_SYSTICK_CLKSourceConfig  stm32f4xx_hal_cortex.o
    0x08002108   0x00000034   Code   RO         4155    i.HAL_SYSTICK_Config  stm32f4xx_hal_cortex.o
    0x0800213c   0x00000002   Code   RO         3391    i.HAL_TIMEx_BreakCallback  stm32f4xx_hal_tim_ex.o
    0x0800213e   0x00000002   Code   RO         3392    i.HAL_TIMEx_CommutationCallback  stm32f4xx_hal_tim_ex.o
    0x08002140   0x00000062   Code   RO         3408    i.HAL_TIMEx_MasterConfigSynchronization  stm32f4xx_hal_tim_ex.o
    0x080021a2   0x00000034   Code   RO         4539    i.HAL_TIM_Base_Init  stm32f4xx_hal_tim.o
    0x080021d6   0x00000002   PAD
    0x080021d8   0x00000080   Code   RO         2168    i.HAL_TIM_Base_MspInit  tim.o
    0x08002258   0x0000001e   Code   RO         4544    i.HAL_TIM_Base_Start_IT  stm32f4xx_hal_tim.o
    0x08002276   0x00000038   Code   RO         4545    i.HAL_TIM_Base_Stop  stm32f4xx_hal_tim.o
    0x080022ae   0x00000038   Code   RO         4547    i.HAL_TIM_Base_Stop_IT  stm32f4xx_hal_tim.o
    0x080022e6   0x00000132   Code   RO         4548    i.HAL_TIM_ConfigClockSource  stm32f4xx_hal_tim.o
    0x08002418   0x00000002   Code   RO         4568    i.HAL_TIM_IC_CaptureCallback  stm32f4xx_hal_tim.o
    0x0800241a   0x00000196   Code   RO         4581    i.HAL_TIM_IRQHandler  stm32f4xx_hal_tim.o
    0x080025b0   0x00000002   Code   RO         4584    i.HAL_TIM_OC_DelayElapsedCallback  stm32f4xx_hal_tim.o
    0x080025b2   0x00000002   Code   RO         4611    i.HAL_TIM_PWM_PulseFinishedCallback  stm32f4xx_hal_tim.o
    0x080025b4   0x00000080   Code   RO         2009    i.HAL_TIM_PeriodElapsedCallback  main.o
    0x08002634   0x00000002   Code   RO         4622    i.HAL_TIM_TriggerCallback  stm32f4xx_hal_tim.o
    0x08002636   0x00000002   Code   RO         5187    i.HAL_UART_AbortCpltCallback  stm32f4xx_hal_uart.o
    0x08002638   0x000000d8   Code   RO         5194    i.HAL_UART_Abort_IT  stm32f4xx_hal_uart.o
    0x08002710   0x00000002   Code   RO         5199    i.HAL_UART_ErrorCallback  stm32f4xx_hal_uart.o
    0x08002712   0x00000002   PAD
    0x08002714   0x0000014c   Code   RO         5202    i.HAL_UART_IRQHandler  stm32f4xx_hal_uart.o
    0x08002860   0x00000072   Code   RO         5203    i.HAL_UART_Init     stm32f4xx_hal_uart.o
    0x080028d2   0x00000002   PAD
    0x080028d4   0x00000174   Code   RO         1369    i.HAL_UART_MspInit  usart.o
    0x08002a48   0x000000c4   Code   RO         5207    i.HAL_UART_Receive_DMA  stm32f4xx_hal_uart.o
    0x08002b0c   0x00000064   Code   RO         5208    i.HAL_UART_Receive_IT  stm32f4xx_hal_uart.o
    0x08002b70   0x000000b0   Code   RO         1686    i.HAL_UART_RxCallback  stm32f4xx_it.o
    0x08002c20   0x000000d8   Code   RO         1687    i.HAL_UART_RxCpltCallback  stm32f4xx_it.o
    0x08002cf8   0x00000002   Code   RO         5210    i.HAL_UART_RxHalfCpltCallback  stm32f4xx_hal_uart.o
    0x08002cfa   0x00000002   PAD
    0x08002cfc   0x0000009c   Code   RO         5212    i.HAL_UART_Transmit_DMA  stm32f4xx_hal_uart.o
    0x08002d98   0x00000058   Code   RO         5213    i.HAL_UART_Transmit_IT  stm32f4xx_hal_uart.o
    0x08002df0   0x000001ec   Code   RO         1688    i.HAL_UART_TxCpltCallback  stm32f4xx_it.o
    0x08002fdc   0x00000002   Code   RO         5215    i.HAL_UART_TxHalfCpltCallback  stm32f4xx_hal_uart.o
    0x08002fde   0x00000004   Code   RO         1689    i.HardFault_Handler  stm32f4xx_it.o
    0x08002fe2   0x00000002   PAD
    0x08002fe4   0x00000010   Code   RO         1690    i.I2C1_ER_IRQHandler  stm32f4xx_it.o
    0x08002ff4   0x00000010   Code   RO         1691    i.I2C1_EV_IRQHandler  stm32f4xx_it.o
    0x08003004   0x00000068   Code   RO         2832    i.I2C_DMAAbort      stm32f4xx_hal_i2c.o
    0x0800306c   0x00000170   Code   RO         2835    i.I2C_ITError       stm32f4xx_hal_i2c.o
    0x080031dc   0x00000110   Code   RO         2837    i.I2C_MasterReceive_BTF  stm32f4xx_hal_i2c.o
    0x080032ec   0x000000a0   Code   RO         2838    i.I2C_MasterReceive_RXNE  stm32f4xx_hal_i2c.o
    0x0800338c   0x000000a0   Code   RO         2841    i.I2C_MasterTransmit_BTF  stm32f4xx_hal_i2c.o
    0x0800342c   0x0000014a   Code   RO         2842    i.I2C_MasterTransmit_TXE  stm32f4xx_hal_i2c.o
    0x08003576   0x0000000e   Code   RO         2843    i.I2C_Master_ADD10  stm32f4xx_hal_i2c.o
    0x08003584   0x0000022e   Code   RO         2844    i.I2C_Master_ADDR   stm32f4xx_hal_i2c.o
    0x080037b2   0x00000082   Code   RO         2845    i.I2C_Master_SB     stm32f4xx_hal_i2c.o
    0x08003834   0x0000001e   Code   RO         2848    i.I2C_SlaveReceive_BTF  stm32f4xx_hal_i2c.o
    0x08003852   0x00000048   Code   RO         2849    i.I2C_SlaveReceive_RXNE  stm32f4xx_hal_i2c.o
    0x0800389a   0x0000001c   Code   RO         2850    i.I2C_SlaveTransmit_BTF  stm32f4xx_hal_i2c.o
    0x080038b6   0x00000046   Code   RO         2851    i.I2C_SlaveTransmit_TXE  stm32f4xx_hal_i2c.o
    0x080038fc   0x00000036   Code   RO         2852    i.I2C_Slave_ADDR    stm32f4xx_hal_i2c.o
    0x08003932   0x00000002   PAD
    0x08003934   0x000000a4   Code   RO         2853    i.I2C_Slave_AF      stm32f4xx_hal_i2c.o
    0x080039d8   0x00000110   Code   RO         2854    i.I2C_Slave_STOPF   stm32f4xx_hal_i2c.o
    0x08003ae8   0x0000007c   Code   RO         1848    i.MX_ADC1_Init      adc.o
    0x08003b64   0x0000007c   Code   RO         1849    i.MX_ADC2_Init      adc.o
    0x08003be0   0x0000004c   Code   RO         1599    i.MX_DAC_Init       dac.o
    0x08003c2c   0x00000028   Code   RO         1426    i.MX_DMA_Init       dma.o
    0x08003c54   0x000000ac   Code   RO         1958    i.MX_FREERTOS_Init  freertos.o
    0x08003d00   0x00000228   Code   RO         1894    i.MX_GPIO_Init      gpio.o
    0x08003f28   0x00000050   Code   RO         1641    i.MX_I2C1_Init      i2c.o
    0x08003f78   0x00000044   Code   RO         2010    i.MX_NVIC_Init      main.o
    0x08003fbc   0x00000070   Code   RO         2169    i.MX_TIM2_Init      tim.o
    0x0800402c   0x00000074   Code   RO         2170    i.MX_TIM3_Init      tim.o
    0x080040a0   0x0000004c   Code   RO         1370    i.MX_USART2_UART_Init  usart.o
    0x080040ec   0x0000004c   Code   RO         1371    i.MX_USART3_UART_Init  usart.o
    0x08004138   0x00000004   Code   RO         1692    i.MemManage_Handler  stm32f4xx_it.o
    0x0800413c   0x00000002   Code   RO         1693    i.NMI_Handler       stm32f4xx_it.o
    0x0800413e   0x00000002   PAD
    0x08004140   0x00000010   Code   RO         4157    i.NVIC_GetPriorityGrouping  stm32f4xx_hal_cortex.o
    0x08004150   0x00000028   Code   RO         4158    i.NVIC_SetPriority  stm32f4xx_hal_cortex.o
    0x08004178   0x00000036   Code   RO         1456    i.ParseBypass       rs485.o
    0x080041ae   0x00000060   Code   RO         1457    i.ParseIncoming     rs485.o
    0x0800420e   0x00000052   Code   RO         1458    i.ParseMainMode     rs485.o
    0x08004260   0x00000002   Code   RO         1459    i.ParseSettingMode  rs485.o
    0x08004262   0x00000002   PAD
    0x08004264   0x00000020   Code   RO         1460    i.RS485_Init        rs485.o
    0x08004284   0x00000028   Code   RO         1461    i.RsTransmit        rs485.o
    0x080042ac   0x00000028   Code   RO         2073    i.SelectDaisyDirection  servo.o
    0x080042d4   0x00000028   Code   RO         1462    i.SelectDirection   rs485.o
    0x080042fc   0x0000000e   Code   RO         1959    i.ServoTask         freertos.o
    0x0800430a   0x00000002   PAD
    0x0800430c   0x00000064   Code   RO         1960    i.StartDefaultTask  freertos.o
    0x08004370   0x00000030   Code   RO         1961    i.StartRS485Task    freertos.o
    0x080043a0   0x00000008   Code   RO         1694    i.SysTick_Handler   stm32f4xx_it.o
    0x080043a8   0x000000e0   Code   RO         2011    i.SystemClock_Config  main.o
    0x08004488   0x00000064   Code   RO         2216    i.SystemInit        system_stm32f4xx_1.o
    0x080044ec   0x00000010   Code   RO         1695    i.TIM1_UP_TIM10_IRQHandler  stm32f4xx_it.o
    0x080044fc   0x00000010   Code   RO         1696    i.TIM2_IRQHandler   stm32f4xx_it.o
    0x0800450c   0x00000010   Code   RO         1697    i.TIM3_IRQHandler   stm32f4xx_it.o
    0x0800451c   0x00000010   Code   RO         1698    i.TIM6_DAC_IRQHandler  stm32f4xx_it.o
    0x0800452c   0x000000e4   Code   RO         4623    i.TIM_Base_SetConfig  stm32f4xx_hal_tim.o
    0x08004610   0x00000018   Code   RO         4630    i.TIM_ETR_SetConfig  stm32f4xx_hal_tim.o
    0x08004628   0x00000014   Code   RO         4631    i.TIM_ITRx_SetConfig  stm32f4xx_hal_tim.o
    0x0800463c   0x0000002a   Code   RO         4637    i.TIM_TI1_ConfigInputStage  stm32f4xx_hal_tim.o
    0x08004666   0x0000002c   Code   RO         4639    i.TIM_TI2_ConfigInputStage  stm32f4xx_hal_tim.o
    0x08004692   0x00000014   Code   RO         5216    i.UART_DMAAbortOnError  stm32f4xx_hal_uart.o
    0x080046a6   0x00000050   Code   RO         5217    i.UART_DMAError     stm32f4xx_hal_uart.o
    0x080046f6   0x00000046   Code   RO         5218    i.UART_DMAReceiveCplt  stm32f4xx_hal_uart.o
    0x0800473c   0x00000034   Code   RO         5219    i.UART_DMARxAbortCallback  stm32f4xx_hal_uart.o
    0x08004770   0x0000000e   Code   RO         5220    i.UART_DMARxHalfCplt  stm32f4xx_hal_uart.o
    0x0800477e   0x00000036   Code   RO         5222    i.UART_DMATransmitCplt  stm32f4xx_hal_uart.o
    0x080047b4   0x00000034   Code   RO         5223    i.UART_DMATxAbortCallback  stm32f4xx_hal_uart.o
    0x080047e8   0x0000000e   Code   RO         5224    i.UART_DMATxHalfCplt  stm32f4xx_hal_uart.o
    0x080047f6   0x00000020   Code   RO         5226    i.UART_EndRxTransfer  stm32f4xx_hal_uart.o
    0x08004816   0x00000020   Code   RO         5227    i.UART_EndTransmit_IT  stm32f4xx_hal_uart.o
    0x08004836   0x00000014   Code   RO         5228    i.UART_EndTxTransfer  stm32f4xx_hal_uart.o
    0x0800484a   0x0000009a   Code   RO         5229    i.UART_Receive_IT   stm32f4xx_hal_uart.o
    0x080048e4   0x00000368   Code   RO         5230    i.UART_SetConfig    stm32f4xx_hal_uart.o
    0x08004c4c   0x00000068   Code   RO         5231    i.UART_Transmit_IT  stm32f4xx_hal_uart.o
    0x08004cb4   0x00000010   Code   RO         1699    i.USART2_IRQHandler  stm32f4xx_it.o
    0x08004cc4   0x00000014   Code   RO         1700    i.USART3_IRQHandler  stm32f4xx_it.o
    0x08004cd8   0x00000004   Code   RO         1701    i.UsageFault_Handler  stm32f4xx_it.o
    0x08004cdc   0x00000004   Code   RO         2012    i._Error_Handler    main.o
    0x08004ce0   0x0000000e   Code   RO         5539    i.__scatterload_copy  mc_w.l(handlers.o)
    0x08004cee   0x00000002   Code   RO         5540    i.__scatterload_null  mc_w.l(handlers.o)
    0x08004cf0   0x0000000e   Code   RO         5541    i.__scatterload_zeroinit  mc_w.l(handlers.o)
    0x08004cfe   0x0000030c   Code   RO         2075    i.constructControlMessage  servo.o
    0x0800500a   0x00000002   PAD
    0x0800500c   0x00000050   Code   RO         2013    i.main              main.o
    0x0800505c   0x0000000e   Code   RO          243    i.makeFreeRtosPriority  cmsis_os.o
    0x0800506a   0x00000018   Code   RO          245    i.osDelay           cmsis_os.o
    0x08005082   0x0000000a   Code   RO          248    i.osKernelStart     cmsis_os.o
    0x0800508c   0x00000010   Code   RO          281    i.osSystickHandler  cmsis_os.o
    0x0800509c   0x00000030   Code   RO          282    i.osThreadCreate    cmsis_os.o
    0x080050cc   0x00000098   Code   RO         1071    i.prvAddCurrentTaskToDelayedList  tasks.o
    0x08005164   0x000000b4   Code   RO         1072    i.prvAddNewTaskToReadyList  tasks.o
    0x08005218   0x00000064   Code   RO         1073    i.prvCheckTasksWaitingTermination  tasks.o
    0x0800527c   0x0000002a   Code   RO          904    i.prvCopyDataFromQueue  queue.o
    0x080052a6   0x0000007c   Code   RO          905    i.prvCopyDataToQueue  queue.o
    0x08005322   0x00000012   Code   RO         1074    i.prvDeleteTCB      tasks.o
    0x08005334   0x0000007c   Code   RO          662    i.prvHeapInit       heap_4.o
    0x080053b0   0x00000028   Code   RO         1075    i.prvIdleTask       tasks.o
    0x080053d8   0x00000026   Code   RO          907    i.prvInitialiseNewQueue  queue.o
    0x080053fe   0x000000aa   Code   RO         1076    i.prvInitialiseNewTask  tasks.o
    0x080054a8   0x00000068   Code   RO         1077    i.prvInitialiseTaskLists  tasks.o
    0x08005510   0x00000068   Code   RO          663    i.prvInsertBlockIntoFreeList  heap_4.o
    0x08005578   0x0000001a   Code   RO          908    i.prvIsQueueEmpty   queue.o
    0x08005592   0x0000001e   Code   RO          909    i.prvIsQueueFull    queue.o
    0x080055b0   0x00000034   Code   RO         1078    i.prvResetNextTaskUnblockTime  tasks.o
    0x080055e4   0x00000040   Code   RO          736    i.prvTaskExitError  port.o
    0x08005624   0x0000007e   Code   RO          910    i.prvUnlockQueue    queue.o
    0x080056a2   0x00000002   PAD
    0x080056a4   0x0000013c   Code   RO          664    i.pvPortMalloc      heap_4.o
    0x080057e0   0x00000020   Code   RO         1080    i.pvTaskIncrementMutexHeldCount  tasks.o
    0x08005800   0x0000002c   Code   RO          737    i.pxPortInitialiseStack  port.o
    0x0800582c   0x000001b0   Code   RO         2078    i.sendMessage       servo.o
    0x080059dc   0x000000f4   Code   RO         2079    i.servoInit         servo.o
    0x08005ad0   0x0000008c   Code   RO         2080    i.servoPing         servo.o
    0x08005b5c   0x0000000c   Code   RO         2081    i.simpleDelay       servo.o
    0x08005b68   0x00000124   Code   RO         2082    i.startServoControl  servo.o
    0x08005c8c   0x00000048   Code   RO         2083    i.update_crc        servo.o
    0x08005cd4   0x00000028   Code   RO          855    i.uxListRemove      list.o
    0x08005cfc   0x0000001a   Code   RO          856    i.vListInitialise   list.o
    0x08005d16   0x00000006   Code   RO          857    i.vListInitialiseItem  list.o
    0x08005d1c   0x00000034   Code   RO          858    i.vListInsert       list.o
    0x08005d50   0x00000018   Code   RO          859    i.vListInsertEnd    list.o
    0x08005d68   0x00000054   Code   RO          739    i.vPortEnterCritical  port.o
    0x08005dbc   0x0000003c   Code   RO          740    i.vPortExitCritical  port.o
    0x08005df8   0x00000094   Code   RO          665    i.vPortFree         heap_4.o
    0x08005e8c   0x00000020   Code   RO          741    i.vPortSetupTimerInterrupt  port.o
    0x08005eac   0x00000078   Code   RO          742    i.vPortValidateInterruptPriority  port.o
    0x08005f24   0x0000005c   Code   RO         1086    i.vTaskDelay        tasks.o
    0x08005f80   0x0000000c   Code   RO         1089    i.vTaskMissedYield  tasks.o
    0x08005f8c   0x00000038   Code   RO         1091    i.vTaskPlaceOnEventList  tasks.o
    0x08005fc4   0x000000b0   Code   RO         1093    i.vTaskPriorityInherit  tasks.o
    0x08006074   0x00000030   Code   RO         1096    i.vTaskSetTimeOutState  tasks.o
    0x080060a4   0x00000088   Code   RO         1097    i.vTaskStartScheduler  tasks.o
    0x0800612c   0x00000010   Code   RO         1099    i.vTaskSuspendAll   tasks.o
    0x0800613c   0x0000008c   Code   RO         1100    i.vTaskSwitchContext  tasks.o
    0x080061c8   0x0000013c   Code   RO          743    i.xPortStartScheduler  port.o
    0x08006304   0x00000034   Code   RO          744    i.xPortSysTickHandler  port.o
    0x08006338   0x00000058   Code   RO          918    i.xQueueGenericCreate  queue.o
    0x08006390   0x000001c4   Code   RO          919    i.xQueueGenericReceive  queue.o
    0x08006554   0x00000098   Code   RO          920    i.xQueueGenericReset  queue.o
    0x080065ec   0x000001a8   Code   RO          921    i.xQueueGenericSend  queue.o
    0x08006794   0x000000e0   Code   RO          923    i.xQueueGiveFromISR  queue.o
    0x08006874   0x0000008c   Code   RO         1101    i.xTaskCheckForTimeOut  tasks.o
    0x08006900   0x00000060   Code   RO         1102    i.xTaskCreate       tasks.o
    0x08006960   0x00000020   Code   RO         1106    i.xTaskGetSchedulerState  tasks.o
    0x08006980   0x00000148   Code   RO         1109    i.xTaskIncrementTick  tasks.o
    0x08006ac8   0x000000c8   Code   RO         1112    i.xTaskPriorityDisinherit  tasks.o
    0x08006b90   0x00000098   Code   RO         1113    i.xTaskRemoveFromEventList  tasks.o
    0x08006c28   0x00000104   Code   RO         1115    i.xTaskResumeAll    tasks.o
    0x08006d2c   0x0000003c   Data   RO         1962    .constdata          freertos.o
    0x08006d68   0x00000200   Data   RO         2085    .constdata          servo.o
    0x08006f68   0x00000018   Data   RO         2217    .constdata          system_stm32f4xx_1.o
    0x08006f80   0x00000008   Data   RO         3645    .constdata          stm32f4xx_hal_dma.o
    0x08006f88   0x00000024   Data   RO         1963    .conststring        freertos.o
    0x08006fac   0x00000020   Data   RO         5537    Region$$Table       anon$$obj.o


    Execution Region RW_IRAM1 (Base: 0x20000000, Size: 0x000045b8, Max: 0x00020000, ABSOLUTE)

    Base Addr    Size         Type   Attr      Idx    E Section Name        Object

    0x20000000   0x00000018   Data   RW          670    .data               heap_4.o
    0x20000018   0x0000000c   Data   RW          745    .data               port.o
    0x20000024   0x0000003c   Data   RW         1118    .data               tasks.o
    0x20000060   0x00000005   Data   RW         1702    .data               stm32f4xx_it.o
    0x20000065   0x00000003   PAD
    0x20000068   0x00000016   Data   RW         1964    .data               freertos.o
    0x2000007e   0x00000002   PAD
    0x20000080   0x00000004   Data   RW         2218    .data               system_stm32f4xx_1.o
    0x20000084   0x00000009   Data   RW         2500    .data               stm32f4xx_hal.o
    0x2000008d   0x00000003   PAD
    0x20000090   0x00003c00   Zero   RW          669    .bss                heap_4.o
    0x20003c90   0x000001a4   Zero   RW         1117    .bss                tasks.o
    0x20003e34   0x00000140   Zero   RW         1372    .bss                usart.o
    0x20003f74   0x00000028   Zero   RW         1464    .bss                rs485.o
    0x20003f9c   0x00000014   Zero   RW         1600    .bss                dac.o
    0x20003fb0   0x00000054   Zero   RW         1642    .bss                i2c.o
    0x20004004   0x00000090   Zero   RW         1850    .bss                adc.o
    0x20004094   0x0000003c   Zero   RW         1921    .bss                stm32f4xx_hal_timebase_tim.o
    0x200040d0   0x0000006c   Zero   RW         2084    .bss                servo.o
    0x2000413c   0x00000078   Zero   RW         2171    .bss                tim.o
    0x200041b4   0x00000004   PAD
    0x200041b8   0x00000400   Zero   RW            1    STACK               startup_stm32f407xx.o


==============================================================================

Image component sizes


      Code (inc. data)   RO Data    RW Data    ZI Data      Debug   Object Name

       396         76          0          0        144       2394   adc.o
       112          0          0          0          0      17710   cmsis_os.o
       176         38          0          0         20       1695   dac.o
        40          4          0          0          0        790   dma.o
         0          0          0          0          0     723872   event_groups.o
       334         56         96         22          0       3645   freertos.o
       552         24          0          0          0       1303   gpio.o
       692         62          0         24      15360       7507   heap_4.o
       188         42          0          0         84       1697   i2c.o
       148          0          0          0          0       3710   list.o
       504         64          0          0          0       3566   main.o
       958         92          0         12          0      12325   port.o
      1726         16          0          0          0      12666   queue.o
       896         30          0          0         40      14032   rs485.o
      2012         42        512          0        108       6777   servo.o
        36          8        392          0       1024        864   startup_stm32f407xx.o
        96         20          0          9          0       3394   stm32f4xx_hal.o
      1226         28          0          0          0       5586   stm32f4xx_hal_adc.o
         2          0          0          0          0       1065   stm32f4xx_hal_adc_ex.o
       338         22          0          0          0      31693   stm32f4xx_hal_cortex.o
       242          0          0          0          0       3277   stm32f4xx_hal_dac.o
         2          0          0          0          0       1031   stm32f4xx_hal_dac_ex.o
      1276         16          8          0          0       6330   stm32f4xx_hal_dma.o
       532         46          0          0          0       3017   stm32f4xx_hal_gpio.o
      3706         42          0          0          0      22305   stm32f4xx_hal_i2c.o
        86          0          0          0          0        538   stm32f4xx_hal_msp.o
      1800         94          0          0          0       6381   stm32f4xx_hal_rcc.o
      1272         44          0          0          0      11022   stm32f4xx_hal_tim.o
       102          0          0          0          0       2442   stm32f4xx_hal_tim_ex.o
       140         18          0          0         60       1568   stm32f4xx_hal_timebase_tim.o
      2780         50          0          0          0      17968   stm32f4xx_hal_uart.o
      1116        138          0          5          0      21218   stm32f4xx_it.o
       100         18         24          4          0       1239   system_stm32f4xx_1.o
      2732        358          0         60        420      23095   tasks.o
       356         54          0          0        120       2431   tim.o
         0          0          0          0          0       8132   timers.o
       524        104          0          0        320       2577   usart.o

    ----------------------------------------------------------------------
     27238       1606       1064        144      17704     990862   Object Totals
         0          0         32          0          0          0   (incl. Generated)
        40          0          0          8          4          0   (incl. Padding)

    ----------------------------------------------------------------------

      Code (inc. data)   RO Data    RW Data    ZI Data      Debug   Library Member Name

         0          0          0          0          0          0   entry.o
         0          0          0          0          0          0   entry10a.o
         0          0          0          0          0          0   entry11a.o
         8          4          0          0          0          0   entry2.o
         4          0          0          0          0          0   entry5.o
         0          0          0          0          0          0   entry7b.o
         0          0          0          0          0          0   entry8b.o
         8          4          0          0          0          0   entry9a.o
        30          0          0          0          0          0   handlers.o
        36          8          0          0          0         68   init.o
        30          0          0          0          0         68   llshl.o
        32          0          0          0          0         68   llushr.o
        36          0          0          0          0         68   memcpya.o
        36          0          0          0          0        108   memseta.o
        98          0          0          0          0         92   uldiv.o

    ----------------------------------------------------------------------
       318         16          0          0          0        472   Library Totals
         0          0          0          0          0          0   (incl. Padding)

    ----------------------------------------------------------------------

      Code (inc. data)   RO Data    RW Data    ZI Data      Debug   Library Name

       318         16          0          0          0        472   mc_w.l

    ----------------------------------------------------------------------
       318         16          0          0          0        472   Library Totals

    ----------------------------------------------------------------------

==============================================================================


      Code (inc. data)   RO Data    RW Data    ZI Data      Debug   

     27556       1622       1064        144      17704     968182   Grand Totals
     27556       1622       1064        144      17704     968182   ELF Image Totals
     27556       1622       1064        144          0          0   ROM Totals

==============================================================================

    Total RO  Size (Code + RO Data)                28620 (  27.95kB)
    Total RW  Size (RW Data + ZI Data)             17848 (  17.43kB)
    Total ROM Size (Code + RO Data + RW Data)      28764 (  28.09kB)

==============================================================================

